Archive member included to satisfy reference by file (symbol)

.\CortexM3\ARM_GCC_541\Debug\Control.a(LeftEyebrow.o)
                              .\CortexM3\ARM_GCC_541\Debug\servocontrol.o (LeftEyebrow_WriteCompare1)
.\CortexM3\ARM_GCC_541\Debug\Control.a(RightEyebrow.o)
                              .\CortexM3\ARM_GCC_541\Debug\servocontrol.o (RightEyebrow_WriteCompare1)
.\CortexM3\ARM_GCC_541\Debug\Control.a(LeftEyeball.o)
                              .\CortexM3\ARM_GCC_541\Debug\servocontrol.o (LeftEyeball_WriteCompare1)
.\CortexM3\ARM_GCC_541\Debug\Control.a(RightEyeball.o)
                              .\CortexM3\ARM_GCC_541\Debug\servocontrol.o (RightEyeball_WriteCompare1)
.\CortexM3\ARM_GCC_541\Debug\Control.a(Eyelids.o)
                              .\CortexM3\ARM_GCC_541\Debug\servocontrol.o (Eyelids_WriteCompare1)
.\CortexM3\ARM_GCC_541\Debug\Control.a(Neck.o)
                              .\CortexM3\ARM_GCC_541\Debug\servocontrol.o (Neck_WriteCompare1)
.\CortexM3\ARM_GCC_541\Debug\Control.a(Base.o)
                              .\CortexM3\ARM_GCC_541\Debug\servocontrol.o (Base_WriteCompare1)
.\CortexM3\ARM_GCC_541\Debug\Control.a(CyLib.o)
                              .\CortexM3\ARM_GCC_541\Debug\Cm3Start.o (CyHalt)
.\CortexM3\ARM_GCC_541\Debug\Control.a(cyPm.o)
                              .\CortexM3\ARM_GCC_541\Debug\Control.a(CyLib.o) (CyPmReadStatus)
.\CortexM3\ARM_GCC_541\Debug\Control.a(Lips.o)
                              .\CortexM3\ARM_GCC_541\Debug\servocontrol.o (Lips_WriteCompare1)
.\CortexM3\ARM_GCC_541\Debug\Control.a(timer_isr.o)
                              .\CortexM3\ARM_GCC_541\Debug\main.o (timer_isr_StartEx)
.\CortexM3\ARM_GCC_541\Debug\Control.a(Timer.o)
                              .\CortexM3\ARM_GCC_541\Debug\main.o (Timer_ReadStatusRegister)
.\CortexM3\ARM_GCC_541\Debug\Control.a(button_isr.o)
                              .\CortexM3\ARM_GCC_541\Debug\main.o (button_isr_StartEx)
.\CortexM3\ARM_GCC_541\Debug\Control.a(CyBootAsmGnu.o)
                              .\CortexM3\ARM_GCC_541\Debug\cyfitter_cfg.o (CyDelayCycles)
.\CortexM3\ARM_GCC_541\Debug\Control.a(CyFlash.o)
                              .\CortexM3\ARM_GCC_541\Debug\Control.a(cyPm.o) (CyFlash_SetWaitCycles)
.\CortexM3\ARM_GCC_541\Debug\Control.a(CySpc.o)
                              .\CortexM3\ARM_GCC_541\Debug\Control.a(CyFlash.o) (CySpcStart)
c:/program files (x86)/cypress/psoc creator/4.2/psoc creator/import/gnu/arm/5.4.1/bin/../lib/gcc/arm-none-eabi/5.4.1/../../../../arm-none-eabi/lib/armv7-m\libg_nano.a(lib_a-errno.o)
                              .\CortexM3\ARM_GCC_541\Debug\Cm3Start.o (__errno)
c:/program files (x86)/cypress/psoc creator/4.2/psoc creator/import/gnu/arm/5.4.1/bin/../lib/gcc/arm-none-eabi/5.4.1/../../../../arm-none-eabi/lib/armv7-m\libg_nano.a(lib_a-exit.o)
                              c:/program files (x86)/cypress/psoc creator/4.2/psoc creator/import/gnu/arm/5.4.1/bin/../lib/gcc/arm-none-eabi/5.4.1/../../../../arm-none-eabi/lib/armv7-m/crt0.o (exit)
c:/program files (x86)/cypress/psoc creator/4.2/psoc creator/import/gnu/arm/5.4.1/bin/../lib/gcc/arm-none-eabi/5.4.1/../../../../arm-none-eabi/lib/armv7-m\libg_nano.a(lib_a-impure.o)
                              c:/program files (x86)/cypress/psoc creator/4.2/psoc creator/import/gnu/arm/5.4.1/bin/../lib/gcc/arm-none-eabi/5.4.1/../../../../arm-none-eabi/lib/armv7-m\libg_nano.a(lib_a-exit.o) (_global_impure_ptr)
c:/program files (x86)/cypress/psoc creator/4.2/psoc creator/import/gnu/arm/5.4.1/bin/../lib/gcc/arm-none-eabi/5.4.1/../../../../arm-none-eabi/lib/armv7-m\libg_nano.a(lib_a-init.o)
                              c:/program files (x86)/cypress/psoc creator/4.2/psoc creator/import/gnu/arm/5.4.1/bin/../lib/gcc/arm-none-eabi/5.4.1/../../../../arm-none-eabi/lib/armv7-m/crt0.o (__libc_init_array)
c:/program files (x86)/cypress/psoc creator/4.2/psoc creator/import/gnu/arm/5.4.1/bin/../lib/gcc/arm-none-eabi/5.4.1/../../../../arm-none-eabi/lib/armv7-m\libg_nano.a(lib_a-memcpy-stub.o)
                              .\CortexM3\ARM_GCC_541\Debug\cyfitter_cfg.o (memcpy)
c:/program files (x86)/cypress/psoc creator/4.2/psoc creator/import/gnu/arm/5.4.1/bin/../lib/gcc/arm-none-eabi/5.4.1/../../../../arm-none-eabi/lib/armv7-m\libg_nano.a(lib_a-memset.o)
                              c:/program files (x86)/cypress/psoc creator/4.2/psoc creator/import/gnu/arm/5.4.1/bin/../lib/gcc/arm-none-eabi/5.4.1/../../../../arm-none-eabi/lib/armv7-m/crt0.o (memset)

Allocating common symbols
Common symbol       size              file

dieTemperature      0x2               .\CortexM3\ARM_GCC_541\Debug\Control.a(CyFlash.o)

Discarded input sections

 .text          0x00000000        0x0 c:/program files (x86)/cypress/psoc creator/4.2/psoc creator/import/gnu/arm/5.4.1/bin/../lib/gcc/arm-none-eabi/5.4.1/armv7-m/crti.o
[...]
Memory Configuration

Name             Origin             Length             Attributes
rom              0x00000000         0x00040000         xr
ram              0x1fff8000         0x00010000         xrw
*default*        0x00000000         0xffffffff

Linker script and memory map

LOAD c:/program files (x86)/cypress/psoc creator/4.2/psoc creator/import/gnu/arm/5.4.1/bin/../lib/gcc/arm-none-eabi/5.4.1/armv7-m/crti.o
LOAD c:/program files (x86)/cypress/psoc creator/4.2/psoc creator/import/gnu/arm/5.4.1/bin/../lib/gcc/arm-none-eabi/5.4.1/armv7-m/crtbegin.o
LOAD c:/program files (x86)/cypress/psoc creator/4.2/psoc creator/import/gnu/arm/5.4.1/bin/../lib/gcc/arm-none-eabi/5.4.1/../../../../arm-none-eabi/lib/armv7-m/crt0.o
START GROUP
LOAD .\CortexM3\ARM_GCC_541\Debug\main.o
LOAD .\CortexM3\ARM_GCC_541\Debug\servocontrol.o
LOAD .\CortexM3\ARM_GCC_541\Debug\neckcontrol.o
LOAD .\CortexM3\ARM_GCC_541\Debug\mouthcontrol.o
LOAD .\CortexM3\ARM_GCC_541\Debug\eyecontrol.o
LOAD .\CortexM3\ARM_GCC_541\Debug\cyfitter_cfg.o
LOAD .\CortexM3\ARM_GCC_541\Debug\cymetadata.o
LOAD .\CortexM3\ARM_GCC_541\Debug\Cm3Start.o
LOAD .\CortexM3\ARM_GCC_541\Debug\Control.a
LOAD C:\Program Files (x86)\Cypress\PSoC Creator\4.2\PSoC Creator\psoc\content\cycomponentlibrary\CyComponentLibrary.cylib\CortexM3\ARM_GCC_541\Debug\CyComponentLibrary.a
END GROUP
START GROUP
LOAD c:/program files (x86)/cypress/psoc creator/4.2/psoc creator/import/gnu/arm/5.4.1/bin/../lib/gcc/arm-none-eabi/5.4.1/armv7-m\libgcc.a
LOAD c:/program files (x86)/cypress/psoc creator/4.2/psoc creator/import/gnu/arm/5.4.1/bin/../lib/gcc/arm-none-eabi/5.4.1/../../../../arm-none-eabi/lib/armv7-m\libg_nano.a
LOAD c:/program files (x86)/cypress/psoc creator/4.2/psoc creator/import/gnu/arm/5.4.1/bin/../lib/gcc/arm-none-eabi/5.4.1/../../../../arm-none-eabi/lib/armv7-m\libc_nano.a
END GROUP
START GROUP
LOAD c:/program files (x86)/cypress/psoc creator/4.2/psoc creator/import/gnu/arm/5.4.1/bin/../lib/gcc/arm-none-eabi/5.4.1/armv7-m\libgcc.a
LOAD c:/program files (x86)/cypress/psoc creator/4.2/psoc creator/import/gnu/arm/5.4.1/bin/../lib/gcc/arm-none-eabi/5.4.1/../../../../arm-none-eabi/lib/armv7-m\libc_nano.a
END GROUP
LOAD c:/program files (x86)/cypress/psoc creator/4.2/psoc creator/import/gnu/arm/5.4.1/bin/../lib/gcc/arm-none-eabi/5.4.1/armv7-m/crtend.o
LOAD c:/program files (x86)/cypress/psoc creator/4.2/psoc creator/import/gnu/arm/5.4.1/bin/../lib/gcc/arm-none-eabi/5.4.1/armv7-m/crtn.o
START GROUP
LOAD c:/program files (x86)/cypress/psoc creator/4.2/psoc creator/import/gnu/arm/5.4.1/bin/../lib/gcc/arm-none-eabi/5.4.1/armv7-m\libgcc.a
LOAD c:/program files (x86)/cypress/psoc creator/4.2/psoc creator/import/gnu/arm/5.4.1/bin/../lib/gcc/arm-none-eabi/5.4.1/../../../../arm-none-eabi/lib/armv7-m\libc.a
LOAD c:/program files (x86)/cypress/psoc creator/4.2/psoc creator/import/gnu/arm/5.4.1/bin/../lib/gcc/arm-none-eabi/5.4.1/../../../../arm-none-eabi/lib/armv7-m\libnosys.a
END GROUP
                0x00000000                CY_APPL_ORIGIN = 0x0
                0x00000100                CY_FLASH_ROW_SIZE = 0x100
                0x00000020                CY_ECC_ROW_SIZE = 0x20
                0x00000000                CY_EE_IN_BTLDR = 0x0
                0x00000000                CY_APPL_LOADABLE = 0x0
                0x00000800                CY_EE_SIZE = 0x800
                0x00000001                CY_APPL_NUM = 0x1
                0x00000001                CY_APPL_MAX = 0x1
                0x00000040                CY_METADATA_SIZE = 0x40
                0x00000000                CY_APPL_LOADABLE = 0x0
                0x00000000                CY_CHECKSUM_EXCLUDE_SIZE = ALIGN (0x0, CY_FLASH_ROW_SIZE)
                [!provide]                PROVIDE (__cy_heap_start, _end)
                0x00000001                PROVIDE (__cy_region_num, ((__cy_regions_end - __cy_regions) / 0x10))
                0x20008000                PROVIDE (__cy_stack, (ORIGIN (ram) + LENGTH (ram)))
                [!provide]                PROVIDE (__cy_heap_end, (__cy_stack - 0x800))

.cybootloader   0x00000000        0x0
 *(.cybootloader)
                0x00000000                appl1_start = CY_APPL_ORIGIN?CY_APPL_ORIGIN:ALIGN (CY_FLASH_ROW_SIZE)
                0x0001ff00                appl2_start = (appl1_start + ALIGN ((((LENGTH (rom) - appl1_start) - (0x2 * CY_FLASH_ROW_SIZE)) / 0x2), CY_FLASH_ROW_SIZE))
                0x00000000                appl_start = (CY_APPL_NUM == 0x1)?appl1_start:appl2_start
                0x00000000                ecc_offset = ((appl_start / CY_FLASH_ROW_SIZE) * CY_ECC_ROW_SIZE)
                0x00000000                ee_offset = (CY_APPL_LOADABLE && ! (CY_EE_IN_BTLDR))?((CY_EE_SIZE / CY_APPL_MAX) * (CY_APPL_NUM - 0x1)):0x0
                0x00000800                ee_size = (CY_APPL_LOADABLE && ! (CY_EE_IN_BTLDR))?(CY_EE_SIZE / CY_APPL_MAX):CY_EE_SIZE
                [!provide]                PROVIDE (CY_ECC_OFFSET, ecc_offset)

.text           0x00000000     0x1376
 CREATE_OBJECT_SYMBOLS
                0x00000000                PROVIDE (__cy_interrupt_vector, RomVectors)
 *(.romvectors)
 .romvectors    0x00000000       0x10 .\CortexM3\ARM_GCC_541\Debug\Cm3Start.o
                0x00000000                RomVectors
                0x00000001                ASSERT ((. != __cy_interrupt_vector), No interrupt vector)
                0x00000001                ASSERT (CY_APPL_ORIGIN?(SIZEOF (.cybootloader) <= CY_APPL_ORIGIN):0x1, Wrong image location)
                0x00000010                PROVIDE (__cy_reset, Reset)
 *(.text.Reset)
 .text.Reset    0x00000010       0x18 .\CortexM3\ARM_GCC_541\Debug\Cm3Start.o
                0x00000010                Reset
                0x00000001                ASSERT ((. != __cy_reset), No reset code)
 *(.dma_init)
                0x00000001                ASSERT ((((appl_start + .) <= 0x10000) || 0x1), DMA Init must be within the first 64k of flash)
 *(.text .text.* .gnu.linkonce.t.*)
 .text          0x00000028       0x5c c:/program files (x86)/cypress/psoc creator/4.2/psoc creator/import/gnu/arm/5.4.1/bin/../lib/gcc/arm-none-eabi/5.4.1/armv7-m/crtbegin.o
 .text.periodic_task
                0x00000084        0xc .\CortexM3\ARM_GCC_541\Debug\main.o
                0x00000084                periodic_task
 .text.button_press
                0x00000090       0x14 .\CortexM3\ARM_GCC_541\Debug\main.o
                0x00000090                button_press
 .text.blink    0x000000a4       0x2c .\CortexM3\ARM_GCC_541\Debug\main.o
                0x000000a4                blink
 .text.neutral  0x000000d0       0x30 .\CortexM3\ARM_GCC_541\Debug\main.o
                0x000000d0                neutral
 .text.sad      0x00000100       0x34 .\CortexM3\ARM_GCC_541\Debug\main.o
                0x00000100                sad
 .text.surprised
                0x00000134       0x34 .\CortexM3\ARM_GCC_541\Debug\main.o
                0x00000134                surprised
 .text.anguish  0x00000168       0x2c .\CortexM3\ARM_GCC_541\Debug\main.o
                0x00000168                anguish
 .text.confused
                0x00000194       0x34 .\CortexM3\ARM_GCC_541\Debug\main.o
                0x00000194                confused
 .text.eyeroll  0x000001c8       0x28 .\CortexM3\ARM_GCC_541\Debug\main.o
                0x000001c8                eyeroll
 .text.button_wait
                0x000001f0       0x20 .\CortexM3\ARM_GCC_541\Debug\main.o
                0x000001f0                button_wait
 .text.main     0x00000210       0x80 .\CortexM3\ARM_GCC_541\Debug\main.o
                0x00000210                main
 .text.angle_to_compare
                0x00000290       0x20 .\CortexM3\ARM_GCC_541\Debug\servocontrol.o
                0x00000290                angle_to_compare
 .text.set_smooth_servo_angle
                0x000002b0       0x1c .\CortexM3\ARM_GCC_541\Debug\servocontrol.o
                0x000002b0                set_smooth_servo_angle
 .text.update_servos
                0x000002cc       0x70 .\CortexM3\ARM_GCC_541\Debug\servocontrol.o
                0x000002cc                update_servos
 .text.rotate_set
                0x0000033c       0x2c .\CortexM3\ARM_GCC_541\Debug\neckcontrol.o
                0x0000033c                rotate_set
 .text.tilt_set
                0x00000368       0x6c .\CortexM3\ARM_GCC_541\Debug\neckcontrol.o
                0x00000368                tilt_set
 .text.mouth_set
                0x000003d4       0x2c .\CortexM3\ARM_GCC_541\Debug\mouthcontrol.o
                0x000003d4                mouth_set
 .text.lip_set  0x00000400       0x6c .\CortexM3\ARM_GCC_541\Debug\mouthcontrol.o
                0x00000400                lip_set
 .text.eyelid_set
                0x0000046c       0x58 .\CortexM3\ARM_GCC_541\Debug\eyecontrol.o
                0x0000046c                eyelid_set
 .text.eyeball_set
                0x000004c4       0xdc .\CortexM3\ARM_GCC_541\Debug\eyecontrol.o
                0x000004c4                eyeball_set
 .text.eyebrow_set
                0x000005a0       0x98 .\CortexM3\ARM_GCC_541\Debug\eyecontrol.o
                0x000005a0                eyebrow_set
 .text.CyClockStartupError
                0x00000638        0x4 .\CortexM3\ARM_GCC_541\Debug\cyfitter_cfg.o
 .text.cfg_write_bytes32
                0x0000063c       0x34 .\CortexM3\ARM_GCC_541\Debug\cyfitter_cfg.o
 .text.AnalogSetDefault
                0x00000670       0x28 .\CortexM3\ARM_GCC_541\Debug\cyfitter_cfg.o
 .text.CYMEMZERO
                0x00000698        0xc .\CortexM3\ARM_GCC_541\Debug\cyfitter_cfg.o
 .text.ClockSetup
                0x000006a4       0xc4 .\CortexM3\ARM_GCC_541\Debug\cyfitter_cfg.o
 .text.CYCONFIGCPY
                0x00000768        0x8 .\CortexM3\ARM_GCC_541\Debug\cyfitter_cfg.o
 .text.cyfitter_cfg
                0x00000770      0x100 .\CortexM3\ARM_GCC_541\Debug\cyfitter_cfg.o
                0x00000770                cyfitter_cfg
 .text.IntDefaultHandler
                0x00000870       0x10 .\CortexM3\ARM_GCC_541\Debug\Cm3Start.o
                0x00000870                IntDefaultHandler
 .text.Start_c  0x00000880       0x4c .\CortexM3\ARM_GCC_541\Debug\Cm3Start.o
                0x00000880                Start_c
 .text.initialize_psoc
                0x000008cc       0x68 .\CortexM3\ARM_GCC_541\Debug\Cm3Start.o
                0x000008cc                initialize_psoc
 .text.LeftEyebrow_Enable
                0x00000934       0x10 .\CortexM3\ARM_GCC_541\Debug\Control.a(LeftEyebrow.o)
                0x00000934                LeftEyebrow_Enable
 .text.LeftEyebrow_WriteCounter
                0x00000944        0xc .\CortexM3\ARM_GCC_541\Debug\Control.a(LeftEyebrow.o)
                0x00000944                LeftEyebrow_WriteCounter
 .text.LeftEyebrow_WritePeriod
                0x00000950        0xc .\CortexM3\ARM_GCC_541\Debug\Control.a(LeftEyebrow.o)
                0x00000950                LeftEyebrow_WritePeriod
 .text.LeftEyebrow_WriteCompare1
                0x0000095c        0xc .\CortexM3\ARM_GCC_541\Debug\Control.a(LeftEyebrow.o)
                0x0000095c                LeftEyebrow_WriteCompare1
 .text.LeftEyebrow_WriteCompare2
                0x00000968        0xc .\CortexM3\ARM_GCC_541\Debug\Control.a(LeftEyebrow.o)
                0x00000968                LeftEyebrow_WriteCompare2
 .text.LeftEyebrow_SetInterruptMode
                0x00000974        0xc .\CortexM3\ARM_GCC_541\Debug\Control.a(LeftEyebrow.o)
                0x00000974                LeftEyebrow_SetInterruptMode
 .text.LeftEyebrow_ReadStatusRegister
                0x00000980        0xc .\CortexM3\ARM_GCC_541\Debug\Control.a(LeftEyebrow.o)
                0x00000980                LeftEyebrow_ReadStatusRegister
 .text.LeftEyebrow_ReadCapture
                0x0000098c        0xc .\CortexM3\ARM_GCC_541\Debug\Control.a(LeftEyebrow.o)
                0x0000098c                LeftEyebrow_ReadCapture
 .text.LeftEyebrow_ClearFIFO
                0x00000998       0x14 .\CortexM3\ARM_GCC_541\Debug\Control.a(LeftEyebrow.o)
                0x00000998                LeftEyebrow_ClearFIFO
 .text.LeftEyebrow_Init
                0x000009ac       0x68 .\CortexM3\ARM_GCC_541\Debug\Control.a(LeftEyebrow.o)
                0x000009ac                LeftEyebrow_Init
 .text.LeftEyebrow_Start
                0x00000a14       0x1c .\CortexM3\ARM_GCC_541\Debug\Control.a(LeftEyebrow.o)
                0x00000a14                LeftEyebrow_Start
 .text.RightEyebrow_Enable
                0x00000a30       0x10 .\CortexM3\ARM_GCC_541\Debug\Control.a(RightEyebrow.o)
                0x00000a30                RightEyebrow_Enable
 .text.RightEyebrow_WriteCounter
                0x00000a40        0xc .\CortexM3\ARM_GCC_541\Debug\Control.a(RightEyebrow.o)
                0x00000a40                RightEyebrow_WriteCounter
 .text.RightEyebrow_WritePeriod
                0x00000a4c        0xc .\CortexM3\ARM_GCC_541\Debug\Control.a(RightEyebrow.o)
                0x00000a4c                RightEyebrow_WritePeriod
 .text.RightEyebrow_WriteCompare1
                0x00000a58        0xc .\CortexM3\ARM_GCC_541\Debug\Control.a(RightEyebrow.o)
                0x00000a58                RightEyebrow_WriteCompare1
 .text.RightEyebrow_WriteCompare2
                0x00000a64        0xc .\CortexM3\ARM_GCC_541\Debug\Control.a(RightEyebrow.o)
                0x00000a64                RightEyebrow_WriteCompare2
 .text.RightEyebrow_SetInterruptMode
                0x00000a70        0xc .\CortexM3\ARM_GCC_541\Debug\Control.a(RightEyebrow.o)
                0x00000a70                RightEyebrow_SetInterruptMode
 .text.RightEyebrow_ReadStatusRegister
                0x00000a7c        0xc .\CortexM3\ARM_GCC_541\Debug\Control.a(RightEyebrow.o)
                0x00000a7c                RightEyebrow_ReadStatusRegister
 .text.RightEyebrow_ReadCapture
                0x00000a88        0xc .\CortexM3\ARM_GCC_541\Debug\Control.a(RightEyebrow.o)
                0x00000a88                RightEyebrow_ReadCapture
 .text.RightEyebrow_ClearFIFO
                0x00000a94       0x14 .\CortexM3\ARM_GCC_541\Debug\Control.a(RightEyebrow.o)
                0x00000a94                RightEyebrow_ClearFIFO
 .text.RightEyebrow_Init
                0x00000aa8       0x68 .\CortexM3\ARM_GCC_541\Debug\Control.a(RightEyebrow.o)
                0x00000aa8                RightEyebrow_Init
 .text.RightEyebrow_Start
                0x00000b10       0x1c .\CortexM3\ARM_GCC_541\Debug\Control.a(RightEyebrow.o)
                0x00000b10                RightEyebrow_Start
 .text.LeftEyeball_Enable
                0x00000b2c       0x10 .\CortexM3\ARM_GCC_541\Debug\Control.a(LeftEyeball.o)
                0x00000b2c                LeftEyeball_Enable
 .text.LeftEyeball_WriteCounter
                0x00000b3c        0xc .\CortexM3\ARM_GCC_541\Debug\Control.a(LeftEyeball.o)
                0x00000b3c                LeftEyeball_WriteCounter
 .text.LeftEyeball_WritePeriod
                0x00000b48        0xc .\CortexM3\ARM_GCC_541\Debug\Control.a(LeftEyeball.o)
                0x00000b48                LeftEyeball_WritePeriod
 .text.LeftEyeball_WriteCompare1
                0x00000b54        0xc .\CortexM3\ARM_GCC_541\Debug\Control.a(LeftEyeball.o)
                0x00000b54                LeftEyeball_WriteCompare1
 .text.LeftEyeball_WriteCompare2
                0x00000b60        0xc .\CortexM3\ARM_GCC_541\Debug\Control.a(LeftEyeball.o)
                0x00000b60                LeftEyeball_WriteCompare2
 .text.LeftEyeball_SetInterruptMode
                0x00000b6c        0xc .\CortexM3\ARM_GCC_541\Debug\Control.a(LeftEyeball.o)
                0x00000b6c                LeftEyeball_SetInterruptMode
 .text.LeftEyeball_ReadStatusRegister
                0x00000b78        0xc .\CortexM3\ARM_GCC_541\Debug\Control.a(LeftEyeball.o)
                0x00000b78                LeftEyeball_ReadStatusRegister
 .text.LeftEyeball_ReadCapture
                0x00000b84        0xc .\CortexM3\ARM_GCC_541\Debug\Control.a(LeftEyeball.o)
                0x00000b84                LeftEyeball_ReadCapture
 .text.LeftEyeball_ClearFIFO
                0x00000b90       0x14 .\CortexM3\ARM_GCC_541\Debug\Control.a(LeftEyeball.o)
                0x00000b90                LeftEyeball_ClearFIFO
 .text.LeftEyeball_Init
                0x00000ba4       0x68 .\CortexM3\ARM_GCC_541\Debug\Control.a(LeftEyeball.o)
                0x00000ba4                LeftEyeball_Init
 .text.LeftEyeball_Start
                0x00000c0c       0x1c .\CortexM3\ARM_GCC_541\Debug\Control.a(LeftEyeball.o)
                0x00000c0c                LeftEyeball_Start
 .text.RightEyeball_Enable
                0x00000c28       0x10 .\CortexM3\ARM_GCC_541\Debug\Control.a(RightEyeball.o)
                0x00000c28                RightEyeball_Enable
 .text.RightEyeball_WriteCounter
                0x00000c38        0xc .\CortexM3\ARM_GCC_541\Debug\Control.a(RightEyeball.o)
                0x00000c38                RightEyeball_WriteCounter
 .text.RightEyeball_WritePeriod
                0x00000c44        0xc .\CortexM3\ARM_GCC_541\Debug\Control.a(RightEyeball.o)
                0x00000c44                RightEyeball_WritePeriod
 .text.RightEyeball_WriteCompare1
                0x00000c50        0xc .\CortexM3\ARM_GCC_541\Debug\Control.a(RightEyeball.o)
                0x00000c50                RightEyeball_WriteCompare1
 .text.RightEyeball_WriteCompare2
                0x00000c5c        0xc .\CortexM3\ARM_GCC_541\Debug\Control.a(RightEyeball.o)
                0x00000c5c                RightEyeball_WriteCompare2
 .text.RightEyeball_SetInterruptMode
                0x00000c68        0xc .\CortexM3\ARM_GCC_541\Debug\Control.a(RightEyeball.o)
                0x00000c68                RightEyeball_SetInterruptMode
 .text.RightEyeball_ReadStatusRegister
                0x00000c74        0xc .\CortexM3\ARM_GCC_541\Debug\Control.a(RightEyeball.o)
                0x00000c74                RightEyeball_ReadStatusRegister
 .text.RightEyeball_ReadCapture
                0x00000c80        0xc .\CortexM3\ARM_GCC_541\Debug\Control.a(RightEyeball.o)
                0x00000c80                RightEyeball_ReadCapture
 .text.RightEyeball_ClearFIFO
                0x00000c8c       0x14 .\CortexM3\ARM_GCC_541\Debug\Control.a(RightEyeball.o)
                0x00000c8c                RightEyeball_ClearFIFO
 .text.RightEyeball_Init
                0x00000ca0       0x68 .\CortexM3\ARM_GCC_541\Debug\Control.a(RightEyeball.o)
                0x00000ca0                RightEyeball_Init
 .text.RightEyeball_Start
                0x00000d08       0x1c .\CortexM3\ARM_GCC_541\Debug\Control.a(RightEyeball.o)
                0x00000d08                RightEyeball_Start
 .text.Eyelids_Enable
                0x00000d24       0x10 .\CortexM3\ARM_GCC_541\Debug\Control.a(Eyelids.o)
                0x00000d24                Eyelids_Enable
 .text.Eyelids_WriteCounter
                0x00000d34        0xc .\CortexM3\ARM_GCC_541\Debug\Control.a(Eyelids.o)
                0x00000d34                Eyelids_WriteCounter
 .text.Eyelids_WritePeriod
                0x00000d40        0xc .\CortexM3\ARM_GCC_541\Debug\Control.a(Eyelids.o)
                0x00000d40                Eyelids_WritePeriod
 .text.Eyelids_WriteCompare1
                0x00000d4c        0xc .\CortexM3\ARM_GCC_541\Debug\Control.a(Eyelids.o)
                0x00000d4c                Eyelids_WriteCompare1
 .text.Eyelids_WriteCompare2
                0x00000d58        0xc .\CortexM3\ARM_GCC_541\Debug\Control.a(Eyelids.o)
                0x00000d58                Eyelids_WriteCompare2
 .text.Eyelids_SetInterruptMode
                0x00000d64        0xc .\CortexM3\ARM_GCC_541\Debug\Control.a(Eyelids.o)
                0x00000d64                Eyelids_SetInterruptMode
 .text.Eyelids_ReadStatusRegister
                0x00000d70        0xc .\CortexM3\ARM_GCC_541\Debug\Control.a(Eyelids.o)
                0x00000d70                Eyelids_ReadStatusRegister
 .text.Eyelids_ReadCapture
                0x00000d7c        0xc .\CortexM3\ARM_GCC_541\Debug\Control.a(Eyelids.o)
                0x00000d7c                Eyelids_ReadCapture
 .text.Eyelids_ClearFIFO
                0x00000d88       0x14 .\CortexM3\ARM_GCC_541\Debug\Control.a(Eyelids.o)
                0x00000d88                Eyelids_ClearFIFO
 .text.Eyelids_Init
                0x00000d9c       0x68 .\CortexM3\ARM_GCC_541\Debug\Control.a(Eyelids.o)
                0x00000d9c                Eyelids_Init
 .text.Eyelids_Start
                0x00000e04       0x1c .\CortexM3\ARM_GCC_541\Debug\Control.a(Eyelids.o)
                0x00000e04                Eyelids_Start
 .text.Neck_Enable
                0x00000e20       0x10 .\CortexM3\ARM_GCC_541\Debug\Control.a(Neck.o)
                0x00000e20                Neck_Enable
 .text.Neck_WriteCounter
                0x00000e30        0xc .\CortexM3\ARM_GCC_541\Debug\Control.a(Neck.o)
                0x00000e30                Neck_WriteCounter
 .text.Neck_WritePeriod
                0x00000e3c        0xc .\CortexM3\ARM_GCC_541\Debug\Control.a(Neck.o)
                0x00000e3c                Neck_WritePeriod
 .text.Neck_WriteCompare1
                0x00000e48        0xc .\CortexM3\ARM_GCC_541\Debug\Control.a(Neck.o)
                0x00000e48                Neck_WriteCompare1
 .text.Neck_WriteCompare2
                0x00000e54        0xc .\CortexM3\ARM_GCC_541\Debug\Control.a(Neck.o)
                0x00000e54                Neck_WriteCompare2
 .text.Neck_SetInterruptMode
                0x00000e60        0xc .\CortexM3\ARM_GCC_541\Debug\Control.a(Neck.o)
                0x00000e60                Neck_SetInterruptMode
 .text.Neck_ReadStatusRegister
                0x00000e6c        0xc .\CortexM3\ARM_GCC_541\Debug\Control.a(Neck.o)
                0x00000e6c                Neck_ReadStatusRegister
 .text.Neck_ReadCapture
                0x00000e78        0xc .\CortexM3\ARM_GCC_541\Debug\Control.a(Neck.o)
                0x00000e78                Neck_ReadCapture
 .text.Neck_ClearFIFO
                0x00000e84       0x14 .\CortexM3\ARM_GCC_541\Debug\Control.a(Neck.o)
                0x00000e84                Neck_ClearFIFO
 .text.Neck_Init
                0x00000e98       0x68 .\CortexM3\ARM_GCC_541\Debug\Control.a(Neck.o)
                0x00000e98                Neck_Init
 .text.Neck_Start
                0x00000f00       0x1c .\CortexM3\ARM_GCC_541\Debug\Control.a(Neck.o)
                0x00000f00                Neck_Start
 .text.Base_Enable
                0x00000f1c       0x10 .\CortexM3\ARM_GCC_541\Debug\Control.a(Base.o)
                0x00000f1c                Base_Enable
 .text.Base_WriteCounter
                0x00000f2c        0xc .\CortexM3\ARM_GCC_541\Debug\Control.a(Base.o)
                0x00000f2c                Base_WriteCounter
 .text.Base_WritePeriod
                0x00000f38        0xc .\CortexM3\ARM_GCC_541\Debug\Control.a(Base.o)
                0x00000f38                Base_WritePeriod
 .text.Base_WriteCompare1
                0x00000f44        0xc .\CortexM3\ARM_GCC_541\Debug\Control.a(Base.o)
                0x00000f44                Base_WriteCompare1
 .text.Base_WriteCompare2
                0x00000f50        0xc .\CortexM3\ARM_GCC_541\Debug\Control.a(Base.o)
                0x00000f50                Base_WriteCompare2
 .text.Base_SetInterruptMode
                0x00000f5c        0xc .\CortexM3\ARM_GCC_541\Debug\Control.a(Base.o)
                0x00000f5c                Base_SetInterruptMode
 .text.Base_ReadStatusRegister
                0x00000f68        0xc .\CortexM3\ARM_GCC_541\Debug\Control.a(Base.o)
                0x00000f68                Base_ReadStatusRegister
 .text.Base_ReadCapture
                0x00000f74        0xc .\CortexM3\ARM_GCC_541\Debug\Control.a(Base.o)
                0x00000f74                Base_ReadCapture
 .text.Base_ClearFIFO
                0x00000f80       0x14 .\CortexM3\ARM_GCC_541\Debug\Control.a(Base.o)
                0x00000f80                Base_ClearFIFO
 .text.Base_Init
                0x00000f94       0x68 .\CortexM3\ARM_GCC_541\Debug\Control.a(Base.o)
                0x00000f94                Base_Init
 .text.Base_Start
                0x00000ffc       0x1c .\CortexM3\ARM_GCC_541\Debug\Control.a(Base.o)
                0x00000ffc                Base_Start
 .text.CyDelay  0x00001018       0x2c .\CortexM3\ARM_GCC_541\Debug\Control.a(CyLib.o)
                0x00001018                CyDelay
 .text.Lips_Enable
                0x00001044       0x10 .\CortexM3\ARM_GCC_541\Debug\Control.a(Lips.o)
                0x00001044                Lips_Enable
 .text.Lips_WriteCounter
                0x00001054        0xc .\CortexM3\ARM_GCC_541\Debug\Control.a(Lips.o)
                0x00001054                Lips_WriteCounter
 .text.Lips_WritePeriod
                0x00001060        0xc .\CortexM3\ARM_GCC_541\Debug\Control.a(Lips.o)
                0x00001060                Lips_WritePeriod
 .text.Lips_WriteCompare1
                0x0000106c        0xc .\CortexM3\ARM_GCC_541\Debug\Control.a(Lips.o)
                0x0000106c                Lips_WriteCompare1
 .text.Lips_WriteCompare2
                0x00001078        0xc .\CortexM3\ARM_GCC_541\Debug\Control.a(Lips.o)
                0x00001078                Lips_WriteCompare2
 .text.Lips_SetInterruptMode
                0x00001084        0xc .\CortexM3\ARM_GCC_541\Debug\Control.a(Lips.o)
                0x00001084                Lips_SetInterruptMode
 .text.Lips_ReadStatusRegister
                0x00001090        0xc .\CortexM3\ARM_GCC_541\Debug\Control.a(Lips.o)
                0x00001090                Lips_ReadStatusRegister
 .text.Lips_ReadCapture
                0x0000109c        0xc .\CortexM3\ARM_GCC_541\Debug\Control.a(Lips.o)
                0x0000109c                Lips_ReadCapture
 .text.Lips_ClearFIFO
                0x000010a8       0x14 .\CortexM3\ARM_GCC_541\Debug\Control.a(Lips.o)
                0x000010a8                Lips_ClearFIFO
 .text.Lips_Init
                0x000010bc       0x68 .\CortexM3\ARM_GCC_541\Debug\Control.a(Lips.o)
                0x000010bc                Lips_Init
 .text.Lips_Start
                0x00001124       0x1c .\CortexM3\ARM_GCC_541\Debug\Control.a(Lips.o)
                0x00001124                Lips_Start
 .text.timer_isr_SetVector
                0x00001140       0x10 .\CortexM3\ARM_GCC_541\Debug\Control.a(timer_isr.o)
                0x00001140                timer_isr_SetVector
 .text.timer_isr_SetPriority
                0x00001150       0x10 .\CortexM3\ARM_GCC_541\Debug\Control.a(timer_isr.o)
                0x00001150                timer_isr_SetPriority
 .text.timer_isr_Enable
                0x00001160       0x10 .\CortexM3\ARM_GCC_541\Debug\Control.a(timer_isr.o)
                0x00001160                timer_isr_Enable
 .text.timer_isr_Disable
                0x00001170       0x10 .\CortexM3\ARM_GCC_541\Debug\Control.a(timer_isr.o)
                0x00001170                timer_isr_Disable
 .text.timer_isr_StartEx
                0x00001180       0x1c .\CortexM3\ARM_GCC_541\Debug\Control.a(timer_isr.o)
                0x00001180                timer_isr_StartEx
 .text.Timer_Enable
                0x0000119c       0x28 .\CortexM3\ARM_GCC_541\Debug\Control.a(Timer.o)
                0x0000119c                Timer_Enable
 .text.Timer_SetInterruptMode
                0x000011c4        0xc .\CortexM3\ARM_GCC_541\Debug\Control.a(Timer.o)
                0x000011c4                Timer_SetInterruptMode
 .text.Timer_ReadStatusRegister
                0x000011d0        0xc .\CortexM3\ARM_GCC_541\Debug\Control.a(Timer.o)
                0x000011d0                Timer_ReadStatusRegister
 .text.Timer_WritePeriod
                0x000011dc        0xc .\CortexM3\ARM_GCC_541\Debug\Control.a(Timer.o)
                0x000011dc                Timer_WritePeriod
 .text.Timer_WriteCounter
                0x000011e8        0xc .\CortexM3\ARM_GCC_541\Debug\Control.a(Timer.o)
                0x000011e8                Timer_WriteCounter
 .text.Timer_Init
                0x000011f4       0x68 .\CortexM3\ARM_GCC_541\Debug\Control.a(Timer.o)
                0x000011f4                Timer_Init
 .text.Timer_Start
                0x0000125c       0x1c .\CortexM3\ARM_GCC_541\Debug\Control.a(Timer.o)
                0x0000125c                Timer_Start
 .text.button_isr_SetVector
                0x00001278        0xc .\CortexM3\ARM_GCC_541\Debug\Control.a(button_isr.o)
                0x00001278                button_isr_SetVector
 .text.button_isr_SetPriority
                0x00001284       0x10 .\CortexM3\ARM_GCC_541\Debug\Control.a(button_isr.o)
                0x00001284                button_isr_SetPriority
 .text.button_isr_Enable
                0x00001294        0xc .\CortexM3\ARM_GCC_541\Debug\Control.a(button_isr.o)
                0x00001294                button_isr_Enable
 .text.button_isr_Disable
                0x000012a0        0xc .\CortexM3\ARM_GCC_541\Debug\Control.a(button_isr.o)
                0x000012a0                button_isr_Disable
 .text.button_isr_StartEx
                0x000012ac       0x1c .\CortexM3\ARM_GCC_541\Debug\Control.a(button_isr.o)
                0x000012ac                button_isr_StartEx
 .text.button_isr_ClearPending
                0x000012c8        0xc .\CortexM3\ARM_GCC_541\Debug\Control.a(button_isr.o)
                0x000012c8                button_isr_ClearPending
 *fill*         0x000012d4        0x4 
 .text          0x000012d8       0x20 .\CortexM3\ARM_GCC_541\Debug\Control.a(CyBootAsmGnu.o)
                0x000012d8                CyDelayCycles
                0x000012e8                CyEnterCriticalSection
                0x000012f0                CyExitCriticalSection
 .text.__errno  0x000012f8        0xc c:/program files (x86)/cypress/psoc creator/4.2/psoc creator/import/gnu/arm/5.4.1/bin/../lib/gcc/arm-none-eabi/5.4.1/../../../../arm-none-eabi/lib/armv7-m\libg_nano.a(lib_a-errno.o)
                0x000012f8                __errno
 .text.__libc_init_array
                0x00001304       0x4c c:/program files (x86)/cypress/psoc creator/4.2/psoc creator/import/gnu/arm/5.4.1/bin/../lib/gcc/arm-none-eabi/5.4.1/../../../../arm-none-eabi/lib/armv7-m\libg_nano.a(lib_a-init.o)
                0x00001304                __libc_init_array
 .text.memcpy   0x00001350       0x16 c:/program files (x86)/cypress/psoc creator/4.2/psoc creator/import/gnu/arm/5.4.1/bin/../lib/gcc/arm-none-eabi/5.4.1/../../../../arm-none-eabi/lib/armv7-m\libg_nano.a(lib_a-memcpy-stub.o)
                0x00001350                memcpy
 .text.memset   0x00001366       0x10 c:/program files (x86)/cypress/psoc creator/4.2/psoc creator/import/gnu/arm/5.4.1/bin/../lib/gcc/arm-none-eabi/5.4.1/../../../../arm-none-eabi/lib/armv7-m\libg_nano.a(lib_a-memset.o)
                0x00001366                memset
 *(.plt)
 *(.gnu.warning)
 *(.glue_7t)
 .glue_7t       0x00001376        0x0 linker stubs
 *(.glue_7)
 .glue_7        0x00001376        0x0 linker stubs
 *(.vfp11_veneer)
 .vfp11_veneer  0x00001376        0x0 linker stubs
 *(.bootloader)
 *(.ARM.extab* .gnu.linkonce.armextab.*)
 *(.gcc_except_table)

.v4_bx          0x00001378        0x0
 .v4_bx         0x00001378        0x0 linker stubs

.iplt           0x00001378        0x0
 .iplt          0x00001378        0x0 c:/program files (x86)/cypress/psoc creator/4.2/psoc creator/import/gnu/arm/5.4.1/bin/../lib/gcc/arm-none-eabi/5.4.1/armv7-m/crtbegin.o

.eh_frame_hdr
 *(.eh_frame_hdr)

.eh_frame       0x00001378        0x4
 *(.eh_frame)
 .eh_frame      0x00001378        0x0 c:/program files (x86)/cypress/psoc creator/4.2/psoc creator/import/gnu/arm/5.4.1/bin/../lib/gcc/arm-none-eabi/5.4.1/armv7-m/crtbegin.o
 .eh_frame      0x00001378        0x4 c:/program files (x86)/cypress/psoc creator/4.2/psoc creator/import/gnu/arm/5.4.1/bin/../lib/gcc/arm-none-eabi/5.4.1/armv7-m/crtend.o
                [!provide]                PROVIDE (__exidx_start, .)

.ARM.exidx
 *(.ARM.exidx* .gnu.linkonce.armexidx.*)
                0x0000137c                __exidx_end = .

.rodata         0x0000137c       0x6c
 *(.rodata .rodata.* .gnu.linkonce.r.*)
 .rodata        0x0000137c       0x36 .\CortexM3\ARM_GCC_541\Debug\cyfitter_cfg.o
 .rodata.str1.1
                0x000013b2        0x2 c:/program files (x86)/cypress/psoc creator/4.2/psoc creator/import/gnu/arm/5.4.1/bin/../lib/gcc/arm-none-eabi/5.4.1/../../../../arm-none-eabi/lib/armv7-m\libg_nano.a(lib_a-impure.o)
                0x000013b4                . = ALIGN (0x4)
 *(.init)
 .init          0x000013b4        0x4 c:/program files (x86)/cypress/psoc creator/4.2/psoc creator/import/gnu/arm/5.4.1/bin/../lib/gcc/arm-none-eabi/5.4.1/armv7-m/crti.o
                0x000013b4                _init
 .init          0x000013b8        0x8 c:/program files (x86)/cypress/psoc creator/4.2/psoc creator/import/gnu/arm/5.4.1/bin/../lib/gcc/arm-none-eabi/5.4.1/armv7-m/crtn.o
                0x000013c0                . = ALIGN (0x4)
                0x000013c0                __preinit_array_start = .
 *(.preinit_array)
                0x000013c0                __preinit_array_end = .
                0x000013c0                . = ALIGN (0x4)
                0x000013c0                __init_array_start = .
 *(SORT(.init_array.*))
 *(.init_array)
 .init_array    0x000013c0        0x4 c:/program files (x86)/cypress/psoc creator/4.2/psoc creator/import/gnu/arm/5.4.1/bin/../lib/gcc/arm-none-eabi/5.4.1/armv7-m/crtbegin.o
 .init_array    0x000013c4        0x4 .\CortexM3\ARM_GCC_541\Debug\Cm3Start.o
                0x000013c8                __init_array_end = .
                0x000013c8                . = ALIGN (0x4)
 *(.fini)
 .fini          0x000013c8        0x4 c:/program files (x86)/cypress/psoc creator/4.2/psoc creator/import/gnu/arm/5.4.1/bin/../lib/gcc/arm-none-eabi/5.4.1/armv7-m/crti.o
                0x000013c8                _fini
 .fini          0x000013cc        0x8 c:/program files (x86)/cypress/psoc creator/4.2/psoc creator/import/gnu/arm/5.4.1/bin/../lib/gcc/arm-none-eabi/5.4.1/armv7-m/crtn.o
                0x000013d4                . = ALIGN (0x4)
                0x000013d4                __fini_array_start = .
 *(.fini_array)
 .fini_array    0x000013d4        0x4 c:/program files (x86)/cypress/psoc creator/4.2/psoc creator/import/gnu/arm/5.4.1/bin/../lib/gcc/arm-none-eabi/5.4.1/armv7-m/crtbegin.o
 *(SORT(.fini_array.*))
                0x000013d8                __fini_array_end = .
                0x000013d8                . = ALIGN (0x4)
 *crtbegin.o(.ctors)
 *(EXCLUDE_FILE(*crtend.o) .ctors)
 *(SORT(.ctors.*))
 *crtend.o(.ctors)
                0x000013d8                . = ALIGN (0x4)
 *crtbegin.o(.dtors)
 *(EXCLUDE_FILE(*crtend.o) .dtors)
 *(SORT(.dtors.*))
 *crtend.o(.dtors)
                0x000013d8                . = ALIGN (0x4)
                0x000013d8                __cy_regions = .
                0x000013d8        0x4 LONG 0x13e8 __cy_region_init_ram
                0x000013dc        0x4 LONG 0x1fff80c8 __cy_region_start_data
                0x000013e0        0x4 LONG 0x138 __cy_region_init_size_ram
                0x000013e4        0x4 LONG 0x28 __cy_region_zero_size_ram
                0x000013e8                __cy_regions_end = .
                0x000013e8                . = ALIGN (0x8)
                0x000013e8                _etext = .

.cy_checksum_exclude
                0x000013e8        0x0
 *(.cy_checksum_exclude)

.ramvectors     0x1fff8000       0xc0
                0x1fff8000                __cy_region_start_ram = .
 *(.ramvectors)
 .ramvectors    0x1fff8000       0xc0 .\CortexM3\ARM_GCC_541\Debug\Cm3Start.o
                0x1fff8000                CyRamVectors

.noinit         0x1fff80c0        0x1
 *(.noinit)
 .noinit        0x1fff80c0        0x1 .\CortexM3\ARM_GCC_541\Debug\Control.a(CyLib.o)
                0x1fff80c0                CyResetStatus

.data           0x1fff80c8      0x138 load address 0x000013e8
                0x1fff80c8                __cy_region_start_data = .
 *(.jcr)
 .jcr           0x1fff80c8        0x0 c:/program files (x86)/cypress/psoc creator/4.2/psoc creator/import/gnu/arm/5.4.1/bin/../lib/gcc/arm-none-eabi/5.4.1/armv7-m/crtbegin.o
 .jcr           0x1fff80c8        0x4 c:/program files (x86)/cypress/psoc creator/4.2/psoc creator/import/gnu/arm/5.4.1/bin/../lib/gcc/arm-none-eabi/5.4.1/armv7-m/crtend.o
 *(.got.plt)
 *(.got)
 *(.shdata)
 *(.data .data.* .gnu.linkonce.d.*)
 .data          0x1fff80cc       0xc0 .\CortexM3\ARM_GCC_541\Debug\servocontrol.o
                0x1fff80cc                servo_map
 .data          0x1fff818c       0x10 .\CortexM3\ARM_GCC_541\Debug\Control.a(CyLib.o)
                0x1fff818c                cydelay_32k_ms
                0x1fff8190                cydelay_freq_khz
                0x1fff8194                cydelay_freq_mhz
                0x1fff8198                cydelay_freq_hz
 .data.impure_data
                0x1fff819c       0x60 c:/program files (x86)/cypress/psoc creator/4.2/psoc creator/import/gnu/arm/5.4.1/bin/../lib/gcc/arm-none-eabi/5.4.1/../../../../arm-none-eabi/lib/armv7-m\libg_nano.a(lib_a-impure.o)
 .data._impure_ptr
                0x1fff81fc        0x4 c:/program files (x86)/cypress/psoc creator/4.2/psoc creator/import/gnu/arm/5.4.1/bin/../lib/gcc/arm-none-eabi/5.4.1/../../../../arm-none-eabi/lib/armv7-m\libg_nano.a(lib_a-impure.o)
                0x1fff81fc                _impure_ptr
                0x1fff8200                . = ALIGN (0x8)
 *(.ram)
                0x1fff8200                _edata = .

.igot.plt       0x1fff8200        0x0 load address 0x00001520
 .igot.plt      0x1fff8200        0x0 c:/program files (x86)/cypress/psoc creator/4.2/psoc creator/import/gnu/arm/5.4.1/bin/../lib/gcc/arm-none-eabi/5.4.1/armv7-m/crtbegin.o

.bss            0x1fff8200       0x28 load address 0x00001520
                0x1fff8200                PROVIDE (__bss_start__, .)
 *(.shbss)
 *(.bss .bss.* .gnu.linkonce.b.*)
 .bss           0x1fff8200       0x1c c:/program files (x86)/cypress/psoc creator/4.2/psoc creator/import/gnu/arm/5.4.1/bin/../lib/gcc/arm-none-eabi/5.4.1/armv7-m/crtbegin.o
 .bss           0x1fff821c        0x1 .\CortexM3\ARM_GCC_541\Debug\main.o
                0x1fff821c                button_click
 .bss           0x1fff821d        0x1 .\CortexM3\ARM_GCC_541\Debug\Control.a(LeftEyebrow.o)
                0x1fff821d                LeftEyebrow_initVar
 .bss           0x1fff821e        0x1 .\CortexM3\ARM_GCC_541\Debug\Control.a(RightEyebrow.o)
                0x1fff821e                RightEyebrow_initVar
 .bss           0x1fff821f        0x1 .\CortexM3\ARM_GCC_541\Debug\Control.a(LeftEyeball.o)
                0x1fff821f                LeftEyeball_initVar
 .bss           0x1fff8220        0x1 .\CortexM3\ARM_GCC_541\Debug\Control.a(RightEyeball.o)
                0x1fff8220                RightEyeball_initVar
 .bss           0x1fff8221        0x1 .\CortexM3\ARM_GCC_541\Debug\Control.a(Eyelids.o)
                0x1fff8221                Eyelids_initVar
 .bss           0x1fff8222        0x1 .\CortexM3\ARM_GCC_541\Debug\Control.a(Neck.o)
                0x1fff8222                Neck_initVar
 .bss           0x1fff8223        0x1 .\CortexM3\ARM_GCC_541\Debug\Control.a(Base.o)
                0x1fff8223                Base_initVar
 .bss           0x1fff8224        0x1 .\CortexM3\ARM_GCC_541\Debug\Control.a(Lips.o)
                0x1fff8224                Lips_initVar
 .bss           0x1fff8225        0x1 .\CortexM3\ARM_GCC_541\Debug\Control.a(Timer.o)
                0x1fff8225                Timer_initVar
 *(COMMON)
                0x1fff8228                . = ALIGN (0x8)
 *fill*         0x1fff8226        0x2 
 *(.ram.b)
                0x1fff8228                _end = .
                0x1fff8228                __end = .
                0x1fff8228                PROVIDE (end, .)
                0x1fff8228                PROVIDE (__bss_end__, .)
                0x000013e8                __cy_region_init_ram = LOADADDR (.data)
                0x00000138                __cy_region_init_size_ram = (_edata - ADDR (.data))
                0x00000028                __cy_region_zero_size_ram = (_end - _edata)

.heap           0x1fff8228       0x80 load address 0x00001520
                0x1fff8228                . = _end
                0x1fff82a8                . = (. + 0x80)
 *fill*         0x1fff8228       0x80 
                0x1fff82a8                __cy_heap_limit = .

.stack          0x20007800      0x800
                0x20007800                __cy_stack_limit = .
                0x20008000                . = (. + 0x800)
 *fill*         0x20007800      0x800 
                0x00000001                ASSERT ((__cy_stack_limit >= __cy_heap_limit), region RAM overflowed with stack)
                0x00000000                cy_checksum_exclude_size = (CY_APPL_LOADABLE == 0x1)?SIZEOF (.cy_checksum_exclude):0x0
                0x00000001                ASSERT ((cy_checksum_exclude_size <= CY_CHECKSUM_EXCLUDE_SIZE), CY_BOOT: Section .cy_checksum_exclude size exceedes specified limit.)

.cyloadermeta
 *(.cyloadermeta)

.cyloadablemeta
 *(.cyloadablemeta)

.cyconfigecc    0x80000000      0x7dc
 *(.cyconfigecc)
 .cyconfigecc   0x80000000      0x7dc .\CortexM3\ARM_GCC_541\Debug\cymetadata.o
                0x80000000                cy_meta_configecc

.cycustnvl      0x90000000        0x4
 *(.cycustnvl)
 .cycustnvl     0x90000000        0x4 .\CortexM3\ARM_GCC_541\Debug\cymetadata.o
                0x90000000                cy_meta_custnvl

.cywolatch      0x90100000        0x4
 *(.cywolatch)
 .cywolatch     0x90100000        0x4 .\CortexM3\ARM_GCC_541\Debug\cymetadata.o
                0x90100000                cy_meta_wonvl

.cyeeprom       0x90200000        0x0
 *(.cyeeprom)
                0x00000001                ASSERT ((. <= ((0x90200000 + ee_offset) + ee_size)), .cyeeprom data will not fit in EEPROM)

.cyflashprotect
                0x90400000      0x100
 *(.cyflashprotect)
 .cyflashprotect
                0x90400000      0x100 .\CortexM3\ARM_GCC_541\Debug\cymetadata.o
                0x90400000                cy_meta_flashprotect

.cymeta         0x90500000        0xc
 *(.cymeta)
 .cymeta        0x90500000        0xc .\CortexM3\ARM_GCC_541\Debug\cymetadata.o
                0x90500000                cy_metadata

.rel.dyn        0x00001520        0x0 load address 0x9050000c
 .rel.iplt      0x00001520        0x0 c:/program files (x86)/cypress/psoc creator/4.2/psoc creator/import/gnu/arm/5.4.1/bin/../lib/gcc/arm-none-eabi/5.4.1/armv7-m/crtbegin.o

.stab
 *(.stab)

.stabstr
 *(.stabstr)

.debug
 *(.debug)

.line
 *(.line)

.debug_srcinfo
 *(.debug_srcinfo)

.debug_sfnames
 *(.debug_sfnames)

.debug_aranges  0x00000000      0xd00
 *(.debug_aranges)
 .debug_aranges
                0x00000000       0x70 .\CortexM3\ARM_GCC_541\Debug\main.o
 .debug_aranges
                0x00000070       0x30 .\CortexM3\ARM_GCC_541\Debug\servocontrol.o
 .debug_aranges
                0x000000a0       0x28 .\CortexM3\ARM_GCC_541\Debug\neckcontrol.o
 .debug_aranges
                0x000000c8       0x28 .\CortexM3\ARM_GCC_541\Debug\mouthcontrol.o
 .debug_aranges
                0x000000f0       0x30 .\CortexM3\ARM_GCC_541\Debug\eyecontrol.o
 .debug_aranges
                0x00000120       0x58 .\CortexM3\ARM_GCC_541\Debug\cyfitter_cfg.o
 .debug_aranges
                0x00000178       0x18 .\CortexM3\ARM_GCC_541\Debug\cymetadata.o
 .debug_aranges
                0x00000190       0x48 .\CortexM3\ARM_GCC_541\Debug\Cm3Start.o
 .debug_aranges
                0x000001d8       0xa8 .\CortexM3\ARM_GCC_541\Debug\Control.a(LeftEyebrow.o)
 .debug_aranges
                0x00000280       0xa8 .\CortexM3\ARM_GCC_541\Debug\Control.a(RightEyebrow.o)
 .debug_aranges
                0x00000328       0xa8 .\CortexM3\ARM_GCC_541\Debug\Control.a(LeftEyeball.o)
 .debug_aranges
                0x000003d0       0xa8 .\CortexM3\ARM_GCC_541\Debug\Control.a(RightEyeball.o)
 .debug_aranges
                0x00000478       0xa8 .\CortexM3\ARM_GCC_541\Debug\Control.a(Eyelids.o)
 .debug_aranges
                0x00000520       0xa8 .\CortexM3\ARM_GCC_541\Debug\Control.a(Neck.o)
 .debug_aranges
                0x000005c8       0xa8 .\CortexM3\ARM_GCC_541\Debug\Control.a(Base.o)
 .debug_aranges
                0x00000670      0x2a0 .\CortexM3\ARM_GCC_541\Debug\Control.a(CyLib.o)
 .debug_aranges
                0x00000910       0x98 .\CortexM3\ARM_GCC_541\Debug\Control.a(cyPm.o)
 .debug_aranges
                0x000009a8       0xa8 .\CortexM3\ARM_GCC_541\Debug\Control.a(Lips.o)
 .debug_aranges
                0x00000a50       0x80 .\CortexM3\ARM_GCC_541\Debug\Control.a(timer_isr.o)
 .debug_aranges
                0x00000ad0       0x88 .\CortexM3\ARM_GCC_541\Debug\Control.a(Timer.o)
 .debug_aranges
                0x00000b58       0x80 .\CortexM3\ARM_GCC_541\Debug\Control.a(button_isr.o)
 .debug_aranges
                0x00000bd8       0x20 .\CortexM3\ARM_GCC_541\Debug\Control.a(CyBootAsmGnu.o)
 .debug_aranges
                0x00000bf8       0x88 .\CortexM3\ARM_GCC_541\Debug\Control.a(CyFlash.o)
 .debug_aranges
                0x00000c80       0x80 .\CortexM3\ARM_GCC_541\Debug\Control.a(CySpc.o)

.debug_pubnames
 *(.debug_pubnames)

.debug_info     0x00000000     0x70d0
 *(.debug_info .gnu.linkonce.wi.*)
 .debug_info    0x00000000      0x875 .\CortexM3\ARM_GCC_541\Debug\main.o
 .debug_info    0x00000875      0x264 .\CortexM3\ARM_GCC_541\Debug\servocontrol.o
 .debug_info    0x00000ad9      0x314 .\CortexM3\ARM_GCC_541\Debug\neckcontrol.o
 .debug_info    0x00000ded      0x314 .\CortexM3\ARM_GCC_541\Debug\mouthcontrol.o
 .debug_info    0x00001101      0x6d7 .\CortexM3\ARM_GCC_541\Debug\eyecontrol.o
 .debug_info    0x000017d8      0x4ee .\CortexM3\ARM_GCC_541\Debug\cyfitter_cfg.o
 .debug_info    0x00001cc6      0x139 .\CortexM3\ARM_GCC_541\Debug\cymetadata.o
 .debug_info    0x00001dff      0x3bb .\CortexM3\ARM_GCC_541\Debug\Cm3Start.o
 .debug_info    0x000021ba      0x3a4 .\CortexM3\ARM_GCC_541\Debug\Control.a(LeftEyebrow.o)
 .debug_info    0x0000255e      0x3a4 .\CortexM3\ARM_GCC_541\Debug\Control.a(RightEyebrow.o)
 .debug_info    0x00002902      0x3a4 .\CortexM3\ARM_GCC_541\Debug\Control.a(LeftEyeball.o)
 .debug_info    0x00002ca6      0x3a4 .\CortexM3\ARM_GCC_541\Debug\Control.a(RightEyeball.o)
 .debug_info    0x0000304a      0x3a4 .\CortexM3\ARM_GCC_541\Debug\Control.a(Eyelids.o)
 .debug_info    0x000033ee      0x3a4 .\CortexM3\ARM_GCC_541\Debug\Control.a(Neck.o)
 .debug_info    0x00003792      0x3a4 .\CortexM3\ARM_GCC_541\Debug\Control.a(Base.o)
 .debug_info    0x00003b36     0x1374 .\CortexM3\ARM_GCC_541\Debug\Control.a(CyLib.o)
 .debug_info    0x00004eaa      0xa2a .\CortexM3\ARM_GCC_541\Debug\Control.a(cyPm.o)
 .debug_info    0x000058d4      0x3a4 .\CortexM3\ARM_GCC_541\Debug\Control.a(Lips.o)
 .debug_info    0x00005c78      0x2d2 .\CortexM3\ARM_GCC_541\Debug\Control.a(timer_isr.o)
 .debug_info    0x00005f4a      0x295 .\CortexM3\ARM_GCC_541\Debug\Control.a(Timer.o)
 .debug_info    0x000061df      0x2d2 .\CortexM3\ARM_GCC_541\Debug\Control.a(button_isr.o)
 .debug_info    0x000064b1       0x82 .\CortexM3\ARM_GCC_541\Debug\Control.a(CyBootAsmGnu.o)
 .debug_info    0x00006533      0x64d .\CortexM3\ARM_GCC_541\Debug\Control.a(CyFlash.o)
 .debug_info    0x00006b80      0x550 .\CortexM3\ARM_GCC_541\Debug\Control.a(CySpc.o)

.debug_abbrev   0x00000000     0x1e66
 *(.debug_abbrev)
 .debug_abbrev  0x00000000      0x155 .\CortexM3\ARM_GCC_541\Debug\main.o
 .debug_abbrev  0x00000155      0x164 .\CortexM3\ARM_GCC_541\Debug\servocontrol.o
 .debug_abbrev  0x000002b9       0xce .\CortexM3\ARM_GCC_541\Debug\neckcontrol.o
 .debug_abbrev  0x00000387       0xce .\CortexM3\ARM_GCC_541\Debug\mouthcontrol.o
 .debug_abbrev  0x00000455       0xce .\CortexM3\ARM_GCC_541\Debug\eyecontrol.o
 .debug_abbrev  0x00000523      0x1fe .\CortexM3\ARM_GCC_541\Debug\cyfitter_cfg.o
 .debug_abbrev  0x00000721       0x77 .\CortexM3\ARM_GCC_541\Debug\cymetadata.o
 .debug_abbrev  0x00000798      0x1e8 .\CortexM3\ARM_GCC_541\Debug\Cm3Start.o
 .debug_abbrev  0x00000980      0x133 .\CortexM3\ARM_GCC_541\Debug\Control.a(LeftEyebrow.o)
 .debug_abbrev  0x00000ab3      0x133 .\CortexM3\ARM_GCC_541\Debug\Control.a(RightEyebrow.o)
 .debug_abbrev  0x00000be6      0x133 .\CortexM3\ARM_GCC_541\Debug\Control.a(LeftEyeball.o)
 .debug_abbrev  0x00000d19      0x133 .\CortexM3\ARM_GCC_541\Debug\Control.a(RightEyeball.o)
 .debug_abbrev  0x00000e4c      0x133 .\CortexM3\ARM_GCC_541\Debug\Control.a(Eyelids.o)
 .debug_abbrev  0x00000f7f      0x133 .\CortexM3\ARM_GCC_541\Debug\Control.a(Neck.o)
 .debug_abbrev  0x000010b2      0x133 .\CortexM3\ARM_GCC_541\Debug\Control.a(Base.o)
 .debug_abbrev  0x000011e5      0x254 .\CortexM3\ARM_GCC_541\Debug\Control.a(CyLib.o)
 .debug_abbrev  0x00001439      0x1ab .\CortexM3\ARM_GCC_541\Debug\Control.a(cyPm.o)
 .debug_abbrev  0x000015e4      0x133 .\CortexM3\ARM_GCC_541\Debug\Control.a(Lips.o)
 .debug_abbrev  0x00001717      0x173 .\CortexM3\ARM_GCC_541\Debug\Control.a(timer_isr.o)
 .debug_abbrev  0x0000188a      0x11a .\CortexM3\ARM_GCC_541\Debug\Control.a(Timer.o)
 .debug_abbrev  0x000019a4      0x173 .\CortexM3\ARM_GCC_541\Debug\Control.a(button_isr.o)
 .debug_abbrev  0x00001b17       0x14 .\CortexM3\ARM_GCC_541\Debug\Control.a(CyBootAsmGnu.o)
 .debug_abbrev  0x00001b2b      0x1a7 .\CortexM3\ARM_GCC_541\Debug\Control.a(CyFlash.o)
 .debug_abbrev  0x00001cd2      0x194 .\CortexM3\ARM_GCC_541\Debug\Control.a(CySpc.o)

.debug_line     0x00000000     0x315a
 *(.debug_line)
 .debug_line    0x00000000      0x38d .\CortexM3\ARM_GCC_541\Debug\main.o
 .debug_line    0x0000038d      0x1bd .\CortexM3\ARM_GCC_541\Debug\servocontrol.o
 .debug_line    0x0000054a      0x1a6 .\CortexM3\ARM_GCC_541\Debug\neckcontrol.o
 .debug_line    0x000006f0      0x1a8 .\CortexM3\ARM_GCC_541\Debug\mouthcontrol.o
 .debug_line    0x00000898      0x1dd .\CortexM3\ARM_GCC_541\Debug\eyecontrol.o
 .debug_line    0x00000a75      0x1da .\CortexM3\ARM_GCC_541\Debug\cyfitter_cfg.o
 .debug_line    0x00000c4f      0x141 .\CortexM3\ARM_GCC_541\Debug\cymetadata.o
 .debug_line    0x00000d90      0x234 .\CortexM3\ARM_GCC_541\Debug\Cm3Start.o
 .debug_line    0x00000fc4      0x1b2 .\CortexM3\ARM_GCC_541\Debug\Control.a(LeftEyebrow.o)
 .debug_line    0x00001176      0x1b3 .\CortexM3\ARM_GCC_541\Debug\Control.a(RightEyebrow.o)
 .debug_line    0x00001329      0x1b2 .\CortexM3\ARM_GCC_541\Debug\Control.a(LeftEyeball.o)
 .debug_line    0x000014db      0x1b3 .\CortexM3\ARM_GCC_541\Debug\Control.a(RightEyeball.o)
 .debug_line    0x0000168e      0x1ae .\CortexM3\ARM_GCC_541\Debug\Control.a(Eyelids.o)
 .debug_line    0x0000183c      0x1ab .\CortexM3\ARM_GCC_541\Debug\Control.a(Neck.o)
 .debug_line    0x000019e7      0x1ab .\CortexM3\ARM_GCC_541\Debug\Control.a(Base.o)
 .debug_line    0x00001b92      0x816 .\CortexM3\ARM_GCC_541\Debug\Control.a(CyLib.o)
 .debug_line    0x000023a8      0x367 .\CortexM3\ARM_GCC_541\Debug\Control.a(cyPm.o)
 .debug_line    0x0000270f      0x1ab .\CortexM3\ARM_GCC_541\Debug\Control.a(Lips.o)
 .debug_line    0x000028ba      0x136 .\CortexM3\ARM_GCC_541\Debug\Control.a(timer_isr.o)
 .debug_line    0x000029f0      0x153 .\CortexM3\ARM_GCC_541\Debug\Control.a(Timer.o)
 .debug_line    0x00002b43      0x137 .\CortexM3\ARM_GCC_541\Debug\Control.a(button_isr.o)
 .debug_line    0x00002c7a       0x66 .\CortexM3\ARM_GCC_541\Debug\Control.a(CyBootAsmGnu.o)
 .debug_line    0x00002ce0      0x21a .\CortexM3\ARM_GCC_541\Debug\Control.a(CyFlash.o)
 .debug_line    0x00002efa      0x260 .\CortexM3\ARM_GCC_541\Debug\Control.a(CySpc.o)

.debug_frame    0x00000000     0x1ee4
 *(.debug_frame)
 .debug_frame   0x00000000      0x148 .\CortexM3\ARM_GCC_541\Debug\main.o
 .debug_frame   0x00000148       0x5c .\CortexM3\ARM_GCC_541\Debug\servocontrol.o
 .debug_frame   0x000001a4       0x48 .\CortexM3\ARM_GCC_541\Debug\neckcontrol.o
 .debug_frame   0x000001ec       0x48 .\CortexM3\ARM_GCC_541\Debug\mouthcontrol.o
 .debug_frame   0x00000234       0x64 .\CortexM3\ARM_GCC_541\Debug\eyecontrol.o
 .debug_frame   0x00000298       0xe4 .\CortexM3\ARM_GCC_541\Debug\cyfitter_cfg.o
 .debug_frame   0x0000037c       0xb8 .\CortexM3\ARM_GCC_541\Debug\Cm3Start.o
 .debug_frame   0x00000434      0x154 .\CortexM3\ARM_GCC_541\Debug\Control.a(LeftEyebrow.o)
 .debug_frame   0x00000588      0x154 .\CortexM3\ARM_GCC_541\Debug\Control.a(RightEyebrow.o)
 .debug_frame   0x000006dc      0x154 .\CortexM3\ARM_GCC_541\Debug\Control.a(LeftEyeball.o)
 .debug_frame   0x00000830      0x154 .\CortexM3\ARM_GCC_541\Debug\Control.a(RightEyeball.o)
 .debug_frame   0x00000984      0x154 .\CortexM3\ARM_GCC_541\Debug\Control.a(Eyelids.o)
 .debug_frame   0x00000ad8      0x154 .\CortexM3\ARM_GCC_541\Debug\Control.a(Neck.o)
 .debug_frame   0x00000c2c      0x154 .\CortexM3\ARM_GCC_541\Debug\Control.a(Base.o)
 .debug_frame   0x00000d80      0x738 .\CortexM3\ARM_GCC_541\Debug\Control.a(CyLib.o)
 .debug_frame   0x000014b8      0x1f8 .\CortexM3\ARM_GCC_541\Debug\Control.a(cyPm.o)
 .debug_frame   0x000016b0      0x154 .\CortexM3\ARM_GCC_541\Debug\Control.a(Lips.o)
 .debug_frame   0x00001804      0x104 .\CortexM3\ARM_GCC_541\Debug\Control.a(timer_isr.o)
 .debug_frame   0x00001908      0x108 .\CortexM3\ARM_GCC_541\Debug\Control.a(Timer.o)
 .debug_frame   0x00001a10      0x104 .\CortexM3\ARM_GCC_541\Debug\Control.a(button_isr.o)
 .debug_frame   0x00001b14      0x194 .\CortexM3\ARM_GCC_541\Debug\Control.a(CyFlash.o)
 .debug_frame   0x00001ca8      0x180 .\CortexM3\ARM_GCC_541\Debug\Control.a(CySpc.o)
 .debug_frame   0x00001e28       0x20 c:/program files (x86)/cypress/psoc creator/4.2/psoc creator/import/gnu/arm/5.4.1/bin/../lib/gcc/arm-none-eabi/5.4.1/../../../../arm-none-eabi/lib/armv7-m\libg_nano.a(lib_a-errno.o)
 .debug_frame   0x00001e48       0x28 c:/program files (x86)/cypress/psoc creator/4.2/psoc creator/import/gnu/arm/5.4.1/bin/../lib/gcc/arm-none-eabi/5.4.1/../../../../arm-none-eabi/lib/armv7-m\libg_nano.a(lib_a-exit.o)
 .debug_frame   0x00001e70       0x2c c:/program files (x86)/cypress/psoc creator/4.2/psoc creator/import/gnu/arm/5.4.1/bin/../lib/gcc/arm-none-eabi/5.4.1/../../../../arm-none-eabi/lib/armv7-m\libg_nano.a(lib_a-init.o)
 .debug_frame   0x00001e9c       0x28 c:/program files (x86)/cypress/psoc creator/4.2/psoc creator/import/gnu/arm/5.4.1/bin/../lib/gcc/arm-none-eabi/5.4.1/../../../../arm-none-eabi/lib/armv7-m\libg_nano.a(lib_a-memcpy-stub.o)
 .debug_frame   0x00001ec4       0x20 c:/program files (x86)/cypress/psoc creator/4.2/psoc creator/import/gnu/arm/5.4.1/bin/../lib/gcc/arm-none-eabi/5.4.1/../../../../arm-none-eabi/lib/armv7-m\libg_nano.a(lib_a-memset.o)

.debug_str      0x00000000     0x293a
 *(.debug_str)
 .debug_str     0x00000000      0x4a1 .\CortexM3\ARM_GCC_541\Debug\main.o
                                0x4e9 (size before relaxing)
 .debug_str     0x000004a1      0x17b .\CortexM3\ARM_GCC_541\Debug\servocontrol.o
                                0x321 (size before relaxing)
 .debug_str     0x0000061c       0x2d .\CortexM3\ARM_GCC_541\Debug\neckcontrol.o
                                0x350 (size before relaxing)
 .debug_str     0x00000649       0x2b .\CortexM3\ARM_GCC_541\Debug\mouthcontrol.o
                                0x32d (size before relaxing)
 .debug_str     0x00000674       0x3f .\CortexM3\ARM_GCC_541\Debug\eyecontrol.o
                                0x3b5 (size before relaxing)
 .debug_str     0x000006b3      0x174 .\CortexM3\ARM_GCC_541\Debug\cyfitter_cfg.o
                                0x301 (size before relaxing)
 .debug_str     0x00000827       0x7f .\CortexM3\ARM_GCC_541\Debug\cymetadata.o
                                0x1d6 (size before relaxing)
 .debug_str     0x000008a6      0x144 .\CortexM3\ARM_GCC_541\Debug\Cm3Start.o
                                0x2fc (size before relaxing)
 .debug_str     0x000009ea      0x258 .\CortexM3\ARM_GCC_541\Debug\Control.a(LeftEyebrow.o)
                                0x3f7 (size before relaxing)
 .debug_str     0x00000c42      0x20e .\CortexM3\ARM_GCC_541\Debug\Control.a(RightEyebrow.o)
                                0x40c (size before relaxing)
 .debug_str     0x00000e50      0x1fa .\CortexM3\ARM_GCC_541\Debug\Control.a(LeftEyeball.o)
                                0x3f7 (size before relaxing)
 .debug_str     0x0000104a      0x20e .\CortexM3\ARM_GCC_541\Debug\Control.a(RightEyeball.o)
                                0x40c (size before relaxing)
 .debug_str     0x00001258      0x1aa .\CortexM3\ARM_GCC_541\Debug\Control.a(Eyelids.o)
                                0x3a3 (size before relaxing)
 .debug_str     0x00001402      0x16e .\CortexM3\ARM_GCC_541\Debug\Control.a(Neck.o)
                                0x364 (size before relaxing)
 .debug_str     0x00001570      0x16e .\CortexM3\ARM_GCC_541\Debug\Control.a(Base.o)
                                0x364 (size before relaxing)
 .debug_str     0x000016de      0x7fd .\CortexM3\ARM_GCC_541\Debug\Control.a(CyLib.o)
                                0xa39 (size before relaxing)
 .debug_str     0x00001edb      0x365 .\CortexM3\ARM_GCC_541\Debug\Control.a(cyPm.o)
                                0x725 (size before relaxing)
 .debug_str     0x00002240      0x16e .\CortexM3\ARM_GCC_541\Debug\Control.a(Lips.o)
                                0x364 (size before relaxing)
 .debug_str     0x000023ae      0x10c .\CortexM3\ARM_GCC_541\Debug\Control.a(timer_isr.o)
                                0x2d0 (size before relaxing)
 .debug_str     0x000024ba      0x118 .\CortexM3\ARM_GCC_541\Debug\Control.a(Timer.o)
                                0x2e7 (size before relaxing)
 .debug_str     0x000025d2      0x101 .\CortexM3\ARM_GCC_541\Debug\Control.a(button_isr.o)
                                0x2de (size before relaxing)
 .debug_str     0x000026d3      0x1bb .\CortexM3\ARM_GCC_541\Debug\Control.a(CyFlash.o)
                                0x3b2 (size before relaxing)
 .debug_str     0x0000288e       0xac .\CortexM3\ARM_GCC_541\Debug\Control.a(CySpc.o)
                                0x32a (size before relaxing)

.debug_loc      0x00000000     0x1fda
 *(.debug_loc)
 .debug_loc     0x00000000       0x3d .\CortexM3\ARM_GCC_541\Debug\main.o
 .debug_loc     0x0000003d       0xd4 .\CortexM3\ARM_GCC_541\Debug\servocontrol.o
 .debug_loc     0x00000111       0xd8 .\CortexM3\ARM_GCC_541\Debug\neckcontrol.o
 .debug_loc     0x000001e9       0xd8 .\CortexM3\ARM_GCC_541\Debug\mouthcontrol.o
 .debug_loc     0x000002c1      0x176 .\CortexM3\ARM_GCC_541\Debug\eyecontrol.o
 .debug_loc     0x00000437      0x1d7 .\CortexM3\ARM_GCC_541\Debug\cyfitter_cfg.o
 .debug_loc     0x0000060e      0x144 .\CortexM3\ARM_GCC_541\Debug\Cm3Start.o
 .debug_loc     0x00000752       0x26 .\CortexM3\ARM_GCC_541\Debug\Control.a(LeftEyebrow.o)
 .debug_loc     0x00000778       0x26 .\CortexM3\ARM_GCC_541\Debug\Control.a(RightEyebrow.o)
 .debug_loc     0x0000079e       0x26 .\CortexM3\ARM_GCC_541\Debug\Control.a(LeftEyeball.o)
 .debug_loc     0x000007c4       0x26 .\CortexM3\ARM_GCC_541\Debug\Control.a(RightEyeball.o)
 .debug_loc     0x000007ea       0x26 .\CortexM3\ARM_GCC_541\Debug\Control.a(Eyelids.o)
 .debug_loc     0x00000810       0x26 .\CortexM3\ARM_GCC_541\Debug\Control.a(Neck.o)
 .debug_loc     0x00000836       0x26 .\CortexM3\ARM_GCC_541\Debug\Control.a(Base.o)
 .debug_loc     0x0000085c      0xa11 .\CortexM3\ARM_GCC_541\Debug\Control.a(CyLib.o)
 .debug_loc     0x0000126d      0x1e4 .\CortexM3\ARM_GCC_541\Debug\Control.a(cyPm.o)
 .debug_loc     0x00001451       0x26 .\CortexM3\ARM_GCC_541\Debug\Control.a(Lips.o)
 .debug_loc     0x00001477       0x56 .\CortexM3\ARM_GCC_541\Debug\Control.a(timer_isr.o)
 .debug_loc     0x000014cd       0x56 .\CortexM3\ARM_GCC_541\Debug\Control.a(button_isr.o)
 .debug_loc     0x00001523      0x3b2 .\CortexM3\ARM_GCC_541\Debug\Control.a(CyFlash.o)
 .debug_loc     0x000018d5      0x705 .\CortexM3\ARM_GCC_541\Debug\Control.a(CySpc.o)

.debug_macinfo
 *(.debug_macinfo)

.debug_ranges   0x00000000      0xb68
 *(.debug_ranges)
 .debug_ranges  0x00000000       0x60 .\CortexM3\ARM_GCC_541\Debug\main.o
 .debug_ranges  0x00000060       0x20 .\CortexM3\ARM_GCC_541\Debug\servocontrol.o
 .debug_ranges  0x00000080       0x18 .\CortexM3\ARM_GCC_541\Debug\neckcontrol.o
 .debug_ranges  0x00000098       0x18 .\CortexM3\ARM_GCC_541\Debug\mouthcontrol.o
 .debug_ranges  0x000000b0       0x20 .\CortexM3\ARM_GCC_541\Debug\eyecontrol.o
 .debug_ranges  0x000000d0       0x48 .\CortexM3\ARM_GCC_541\Debug\cyfitter_cfg.o
 .debug_ranges  0x00000118       0x38 .\CortexM3\ARM_GCC_541\Debug\Cm3Start.o
 .debug_ranges  0x00000150       0x98 .\CortexM3\ARM_GCC_541\Debug\Control.a(LeftEyebrow.o)
 .debug_ranges  0x000001e8       0x98 .\CortexM3\ARM_GCC_541\Debug\Control.a(RightEyebrow.o)
 .debug_ranges  0x00000280       0x98 .\CortexM3\ARM_GCC_541\Debug\Control.a(LeftEyeball.o)
 .debug_ranges  0x00000318       0x98 .\CortexM3\ARM_GCC_541\Debug\Control.a(RightEyeball.o)
 .debug_ranges  0x000003b0       0x98 .\CortexM3\ARM_GCC_541\Debug\Control.a(Eyelids.o)
 .debug_ranges  0x00000448       0x98 .\CortexM3\ARM_GCC_541\Debug\Control.a(Neck.o)
 .debug_ranges  0x000004e0       0x98 .\CortexM3\ARM_GCC_541\Debug\Control.a(Base.o)
 .debug_ranges  0x00000578      0x290 .\CortexM3\ARM_GCC_541\Debug\Control.a(CyLib.o)
 .debug_ranges  0x00000808       0x88 .\CortexM3\ARM_GCC_541\Debug\Control.a(cyPm.o)
 .debug_ranges  0x00000890       0x98 .\CortexM3\ARM_GCC_541\Debug\Control.a(Lips.o)
 .debug_ranges  0x00000928       0x70 .\CortexM3\ARM_GCC_541\Debug\Control.a(timer_isr.o)
 .debug_ranges  0x00000998       0x78 .\CortexM3\ARM_GCC_541\Debug\Control.a(Timer.o)
 .debug_ranges  0x00000a10       0x70 .\CortexM3\ARM_GCC_541\Debug\Control.a(button_isr.o)
 .debug_ranges  0x00000a80       0x78 .\CortexM3\ARM_GCC_541\Debug\Control.a(CyFlash.o)
 .debug_ranges  0x00000af8       0x70 .\CortexM3\ARM_GCC_541\Debug\Control.a(CySpc.o)

.comment        0x00000000       0x6e
 .comment       0x00000000       0x6e .\CortexM3\ARM_GCC_541\Debug\main.o
                                 0x6f (size before relaxing)
 .comment       0x0000006e       0x6f .\CortexM3\ARM_GCC_541\Debug\servocontrol.o
 .comment       0x0000006e       0x6f .\CortexM3\ARM_GCC_541\Debug\neckcontrol.o
 .comment       0x0000006e       0x6f .\CortexM3\ARM_GCC_541\Debug\mouthcontrol.o
 .comment       0x0000006e       0x6f .\CortexM3\ARM_GCC_541\Debug\eyecontrol.o
 .comment       0x0000006e       0x6f .\CortexM3\ARM_GCC_541\Debug\cyfitter_cfg.o
 .comment       0x0000006e       0x6f .\CortexM3\ARM_GCC_541\Debug\cymetadata.o
 .comment       0x0000006e       0x6f .\CortexM3\ARM_GCC_541\Debug\Cm3Start.o
 .comment       0x0000006e       0x6f .\CortexM3\ARM_GCC_541\Debug\Control.a(LeftEyebrow.o)
 .comment       0x0000006e       0x6f .\CortexM3\ARM_GCC_541\Debug\Control.a(RightEyebrow.o)
 .comment       0x0000006e       0x6f .\CortexM3\ARM_GCC_541\Debug\Control.a(LeftEyeball.o)
 .comment       0x0000006e       0x6f .\CortexM3\ARM_GCC_541\Debug\Control.a(RightEyeball.o)
 .comment       0x0000006e       0x6f .\CortexM3\ARM_GCC_541\Debug\Control.a(Eyelids.o)
 .comment       0x0000006e       0x6f .\CortexM3\ARM_GCC_541\Debug\Control.a(Neck.o)
 .comment       0x0000006e       0x6f .\CortexM3\ARM_GCC_541\Debug\Control.a(Base.o)
 .comment       0x0000006e       0x6f .\CortexM3\ARM_GCC_541\Debug\Control.a(CyLib.o)
 .comment       0x0000006e       0x6f .\CortexM3\ARM_GCC_541\Debug\Control.a(cyPm.o)
 .comment       0x0000006e       0x6f .\CortexM3\ARM_GCC_541\Debug\Control.a(Lips.o)
 .comment       0x0000006e       0x6f .\CortexM3\ARM_GCC_541\Debug\Control.a(timer_isr.o)
 .comment       0x0000006e       0x6f .\CortexM3\ARM_GCC_541\Debug\Control.a(Timer.o)
 .comment       0x0000006e       0x6f .\CortexM3\ARM_GCC_541\Debug\Control.a(button_isr.o)
 .comment       0x0000006e       0x6f .\CortexM3\ARM_GCC_541\Debug\Control.a(CyFlash.o)
 .comment       0x0000006e       0x6f .\CortexM3\ARM_GCC_541\Debug\Control.a(CySpc.o)

.debug_weaknames
 *(.debug_weaknames)

.debug_funcnames
 *(.debug_funcnames)

.debug_typenames
 *(.debug_typenames)

.debug_varnames
 *(.debug_varnames)

.note.gnu.arm.ident
 *(.note.gnu.arm.ident)

.ARM.attributes
                0x00000000       0x29
 *(.ARM.attributes)
 .ARM.attributes
                0x00000000       0x1d c:/program files (x86)/cypress/psoc creator/4.2/psoc creator/import/gnu/arm/5.4.1/bin/../lib/gcc/arm-none-eabi/5.4.1/armv7-m/crti.o
 .ARM.attributes
                0x0000001d       0x2d c:/program files (x86)/cypress/psoc creator/4.2/psoc creator/import/gnu/arm/5.4.1/bin/../lib/gcc/arm-none-eabi/5.4.1/armv7-m/crtbegin.o
 .ARM.attributes
                0x0000004a       0x1b c:/program files (x86)/cypress/psoc creator/4.2/psoc creator/import/gnu/arm/5.4.1/bin/../lib/gcc/arm-none-eabi/5.4.1/../../../../arm-none-eabi/lib/armv7-m/crt0.o
 .ARM.attributes
                0x00000065       0x33 .\CortexM3\ARM_GCC_541\Debug\main.o
 .ARM.attributes
                0x00000098       0x33 .\CortexM3\ARM_GCC_541\Debug\servocontrol.o
 .ARM.attributes
                0x000000cb       0x33 .\CortexM3\ARM_GCC_541\Debug\neckcontrol.o
 .ARM.attributes
                0x000000fe       0x33 .\CortexM3\ARM_GCC_541\Debug\mouthcontrol.o
 .ARM.attributes
                0x00000131       0x33 .\CortexM3\ARM_GCC_541\Debug\eyecontrol.o
 .ARM.attributes
                0x00000164       0x33 .\CortexM3\ARM_GCC_541\Debug\cyfitter_cfg.o
 .ARM.attributes
                0x00000197       0x33 .\CortexM3\ARM_GCC_541\Debug\cymetadata.o
 .ARM.attributes
                0x000001ca       0x33 .\CortexM3\ARM_GCC_541\Debug\Cm3Start.o
 .ARM.attributes
                0x000001fd       0x33 .\CortexM3\ARM_GCC_541\Debug\Control.a(LeftEyebrow.o)
 .ARM.attributes
                0x00000230       0x33 .\CortexM3\ARM_GCC_541\Debug\Control.a(RightEyebrow.o)
 .ARM.attributes
                0x00000263       0x33 .\CortexM3\ARM_GCC_541\Debug\Control.a(LeftEyeball.o)
 .ARM.attributes
                0x00000296       0x33 .\CortexM3\ARM_GCC_541\Debug\Control.a(RightEyeball.o)
 .ARM.attributes
                0x000002c9       0x33 .\CortexM3\ARM_GCC_541\Debug\Control.a(Eyelids.o)
 .ARM.attributes
                0x000002fc       0x33 .\CortexM3\ARM_GCC_541\Debug\Control.a(Neck.o)
 .ARM.attributes
                0x0000032f       0x33 .\CortexM3\ARM_GCC_541\Debug\Control.a(Base.o)
 .ARM.attributes
                0x00000362       0x33 .\CortexM3\ARM_GCC_541\Debug\Control.a(CyLib.o)
 .ARM.attributes
                0x00000395       0x33 .\CortexM3\ARM_GCC_541\Debug\Control.a(cyPm.o)
 .ARM.attributes
                0x000003c8       0x33 .\CortexM3\ARM_GCC_541\Debug\Control.a(Lips.o)
 .ARM.attributes
                0x000003fb       0x33 .\CortexM3\ARM_GCC_541\Debug\Control.a(timer_isr.o)
 .ARM.attributes
                0x0000042e       0x33 .\CortexM3\ARM_GCC_541\Debug\Control.a(Timer.o)
 .ARM.attributes
                0x00000461       0x33 .\CortexM3\ARM_GCC_541\Debug\Control.a(button_isr.o)
 .ARM.attributes
                0x00000494       0x21 .\CortexM3\ARM_GCC_541\Debug\Control.a(CyBootAsmGnu.o)
 .ARM.attributes
                0x000004b5       0x33 .\CortexM3\ARM_GCC_541\Debug\Control.a(CyFlash.o)
 .ARM.attributes
                0x000004e8       0x33 .\CortexM3\ARM_GCC_541\Debug\Control.a(CySpc.o)
 .ARM.attributes
                0x0000051b       0x2d c:/program files (x86)/cypress/psoc creator/4.2/psoc creator/import/gnu/arm/5.4.1/bin/../lib/gcc/arm-none-eabi/5.4.1/../../../../arm-none-eabi/lib/armv7-m\libg_nano.a(lib_a-errno.o)
 .ARM.attributes
                0x00000548       0x2d c:/program files (x86)/cypress/psoc creator/4.2/psoc creator/import/gnu/arm/5.4.1/bin/../lib/gcc/arm-none-eabi/5.4.1/../../../../arm-none-eabi/lib/armv7-m\libg_nano.a(lib_a-exit.o)
 .ARM.attributes
                0x00000575       0x2d c:/program files (x86)/cypress/psoc creator/4.2/psoc creator/import/gnu/arm/5.4.1/bin/../lib/gcc/arm-none-eabi/5.4.1/../../../../arm-none-eabi/lib/armv7-m\libg_nano.a(lib_a-impure.o)
 .ARM.attributes
                0x000005a2       0x2d c:/program files (x86)/cypress/psoc creator/4.2/psoc creator/import/gnu/arm/5.4.1/bin/../lib/gcc/arm-none-eabi/5.4.1/../../../../arm-none-eabi/lib/armv7-m\libg_nano.a(lib_a-init.o)
 .ARM.attributes
                0x000005cf       0x2d c:/program files (x86)/cypress/psoc creator/4.2/psoc creator/import/gnu/arm/5.4.1/bin/../lib/gcc/arm-none-eabi/5.4.1/../../../../arm-none-eabi/lib/armv7-m\libg_nano.a(lib_a-memcpy-stub.o)
 .ARM.attributes
                0x000005fc       0x2d c:/program files (x86)/cypress/psoc creator/4.2/psoc creator/import/gnu/arm/5.4.1/bin/../lib/gcc/arm-none-eabi/5.4.1/../../../../arm-none-eabi/lib/armv7-m\libg_nano.a(lib_a-memset.o)
 .ARM.attributes
                0x00000629       0x2d c:/program files (x86)/cypress/psoc creator/4.2/psoc creator/import/gnu/arm/5.4.1/bin/../lib/gcc/arm-none-eabi/5.4.1/armv7-m/crtend.o
 .ARM.attributes
                0x00000656       0x1d c:/program files (x86)/cypress/psoc creator/4.2/psoc creator/import/gnu/arm/5.4.1/bin/../lib/gcc/arm-none-eabi/5.4.1/armv7-m/crtn.o

/DISCARD/
 *(.note.GNU-stack)
OUTPUT(C:\Users\jon\Desktop\CSE564-PSoC\Face\Control.cydsn\CortexM3\ARM_GCC_541\Debug\Control.elf elf32-littlearm)
