Archive member included to satisfy reference by file (symbol)

.\CortexM3\ARM_GCC_541\Debug\Control.a(LeftEyebrow.o)
                              .\CortexM3\ARM_GCC_541\Debug\servocontrol.o (LeftEyebrow_WriteCompare1)
.\CortexM3\ARM_GCC_541\Debug\Control.a(RightEyebrow.o)
                              .\CortexM3\ARM_GCC_541\Debug\servocontrol.o (RightEyebrow_WriteCompare1)
.\CortexM3\ARM_GCC_541\Debug\Control.a(LeftEyeball.o)
                              .\CortexM3\ARM_GCC_541\Debug\servocontrol.o (LeftEyeball_WriteCompare1)
.\CortexM3\ARM_GCC_541\Debug\Control.a(RightEyeball.o)
                              .\CortexM3\ARM_GCC_541\Debug\servocontrol.o (RightEyeball_WriteCompare1)
.\CortexM3\ARM_GCC_541\Debug\Control.a(Eyelids.o)
                              .\CortexM3\ARM_GCC_541\Debug\servocontrol.o (Eyelids_WriteCompare1)
.\CortexM3\ARM_GCC_541\Debug\Control.a(Neck.o)
                              .\CortexM3\ARM_GCC_541\Debug\servocontrol.o (Neck_WriteCompare1)
.\CortexM3\ARM_GCC_541\Debug\Control.a(Base.o)
                              .\CortexM3\ARM_GCC_541\Debug\servocontrol.o (Base_WriteCompare1)
.\CortexM3\ARM_GCC_541\Debug\Control.a(CyLib.o)
                              .\CortexM3\ARM_GCC_541\Debug\Cm3Start.o (CyHalt)
.\CortexM3\ARM_GCC_541\Debug\Control.a(cyPm.o)
                              .\CortexM3\ARM_GCC_541\Debug\Control.a(CyLib.o) (CyPmReadStatus)
.\CortexM3\ARM_GCC_541\Debug\Control.a(Lips.o)
                              .\CortexM3\ARM_GCC_541\Debug\servocontrol.o (Lips_WriteCompare1)
.\CortexM3\ARM_GCC_541\Debug\Control.a(timer_isr.o)
                              .\CortexM3\ARM_GCC_541\Debug\main.o (timer_isr_StartEx)
.\CortexM3\ARM_GCC_541\Debug\Control.a(Timer.o)
                              .\CortexM3\ARM_GCC_541\Debug\main.o (Timer_ReadStatusRegister)
.\CortexM3\ARM_GCC_541\Debug\Control.a(CyBootAsmGnu.o)
                              .\CortexM3\ARM_GCC_541\Debug\cyfitter_cfg.o (CyDelayCycles)
.\CortexM3\ARM_GCC_541\Debug\Control.a(CyFlash.o)
                              .\CortexM3\ARM_GCC_541\Debug\Control.a(cyPm.o) (CyFlash_SetWaitCycles)
.\CortexM3\ARM_GCC_541\Debug\Control.a(CySpc.o)
                              .\CortexM3\ARM_GCC_541\Debug\Control.a(CyFlash.o) (CySpcStart)
c:/program files (x86)/cypress/psoc creator/4.2/psoc creator/import/gnu/arm/5.4.1/bin/../lib/gcc/arm-none-eabi/5.4.1/../../../../arm-none-eabi/lib/armv7-m\libg_nano.a(lib_a-errno.o)
                              .\CortexM3\ARM_GCC_541\Debug\Cm3Start.o (__errno)
c:/program files (x86)/cypress/psoc creator/4.2/psoc creator/import/gnu/arm/5.4.1/bin/../lib/gcc/arm-none-eabi/5.4.1/../../../../arm-none-eabi/lib/armv7-m\libg_nano.a(lib_a-exit.o)
                              c:/program files (x86)/cypress/psoc creator/4.2/psoc creator/import/gnu/arm/5.4.1/bin/../lib/gcc/arm-none-eabi/5.4.1/../../../../arm-none-eabi/lib/armv7-m/crt0.o (exit)
c:/program files (x86)/cypress/psoc creator/4.2/psoc creator/import/gnu/arm/5.4.1/bin/../lib/gcc/arm-none-eabi/5.4.1/../../../../arm-none-eabi/lib/armv7-m\libg_nano.a(lib_a-impure.o)
                              c:/program files (x86)/cypress/psoc creator/4.2/psoc creator/import/gnu/arm/5.4.1/bin/../lib/gcc/arm-none-eabi/5.4.1/../../../../arm-none-eabi/lib/armv7-m\libg_nano.a(lib_a-exit.o) (_global_impure_ptr)
c:/program files (x86)/cypress/psoc creator/4.2/psoc creator/import/gnu/arm/5.4.1/bin/../lib/gcc/arm-none-eabi/5.4.1/../../../../arm-none-eabi/lib/armv7-m\libg_nano.a(lib_a-init.o)
                              c:/program files (x86)/cypress/psoc creator/4.2/psoc creator/import/gnu/arm/5.4.1/bin/../lib/gcc/arm-none-eabi/5.4.1/../../../../arm-none-eabi/lib/armv7-m/crt0.o (__libc_init_array)
c:/program files (x86)/cypress/psoc creator/4.2/psoc creator/import/gnu/arm/5.4.1/bin/../lib/gcc/arm-none-eabi/5.4.1/../../../../arm-none-eabi/lib/armv7-m\libg_nano.a(lib_a-memcpy-stub.o)
                              .\CortexM3\ARM_GCC_541\Debug\cyfitter_cfg.o (memcpy)
c:/program files (x86)/cypress/psoc creator/4.2/psoc creator/import/gnu/arm/5.4.1/bin/../lib/gcc/arm-none-eabi/5.4.1/../../../../arm-none-eabi/lib/armv7-m\libg_nano.a(lib_a-memset.o)
                              c:/program files (x86)/cypress/psoc creator/4.2/psoc creator/import/gnu/arm/5.4.1/bin/../lib/gcc/arm-none-eabi/5.4.1/../../../../arm-none-eabi/lib/armv7-m/crt0.o (memset)

Allocating common symbols
Common symbol       size              file

dieTemperature      0x2               .\CortexM3\ARM_GCC_541\Debug\Control.a(CyFlash.o)

Discarded input sections

 .text          0x00000000        0x0 c:/program files (x86)/cypress/psoc creator/4.2/psoc creator/import/gnu/arm/5.4.1/bin/../lib/gcc/arm-none-eabi/5.4.1/armv7-m/crti.o
 .data          0x00000000        0x0 c:/program files (x86)/cypress/psoc creator/4.2/psoc creator/import/gnu/arm/5.4.1/bin/../lib/gcc/arm-none-eabi/5.4.1/armv7-m/crti.o
[...]
Memory Configuration

Name             Origin             Length             Attributes
rom              0x00000000         0x00040000         xr
ram              0x1fff8000         0x00010000         xrw
*default*        0x00000000         0xffffffff

Linker script and memory map

LOAD c:/program files (x86)/cypress/psoc creator/4.2/psoc creator/import/gnu/arm/5.4.1/bin/../lib/gcc/arm-none-eabi/5.4.1/armv7-m/crti.o
LOAD c:/program files (x86)/cypress/psoc creator/4.2/psoc creator/import/gnu/arm/5.4.1/bin/../lib/gcc/arm-none-eabi/5.4.1/armv7-m/crtbegin.o
LOAD c:/program files (x86)/cypress/psoc creator/4.2/psoc creator/import/gnu/arm/5.4.1/bin/../lib/gcc/arm-none-eabi/5.4.1/../../../../arm-none-eabi/lib/armv7-m/crt0.o
START GROUP
LOAD .\CortexM3\ARM_GCC_541\Debug\main.o
LOAD .\CortexM3\ARM_GCC_541\Debug\servocontrol.o
LOAD .\CortexM3\ARM_GCC_541\Debug\neckcontrol.o
LOAD .\CortexM3\ARM_GCC_541\Debug\mouthcontrol.o
LOAD .\CortexM3\ARM_GCC_541\Debug\eyecontrol.o
LOAD .\CortexM3\ARM_GCC_541\Debug\cyfitter_cfg.o
LOAD .\CortexM3\ARM_GCC_541\Debug\cymetadata.o
LOAD .\CortexM3\ARM_GCC_541\Debug\Cm3Start.o
LOAD .\CortexM3\ARM_GCC_541\Debug\Control.a
LOAD C:\Program Files (x86)\Cypress\PSoC Creator\4.2\PSoC Creator\psoc\content\cycomponentlibrary\CyComponentLibrary.cylib\CortexM3\ARM_GCC_541\Debug\CyComponentLibrary.a
END GROUP
START GROUP
LOAD c:/program files (x86)/cypress/psoc creator/4.2/psoc creator/import/gnu/arm/5.4.1/bin/../lib/gcc/arm-none-eabi/5.4.1/armv7-m\libgcc.a
LOAD c:/program files (x86)/cypress/psoc creator/4.2/psoc creator/import/gnu/arm/5.4.1/bin/../lib/gcc/arm-none-eabi/5.4.1/../../../../arm-none-eabi/lib/armv7-m\libg_nano.a
LOAD c:/program files (x86)/cypress/psoc creator/4.2/psoc creator/import/gnu/arm/5.4.1/bin/../lib/gcc/arm-none-eabi/5.4.1/../../../../arm-none-eabi/lib/armv7-m\libc_nano.a
END GROUP
START GROUP
LOAD c:/program files (x86)/cypress/psoc creator/4.2/psoc creator/import/gnu/arm/5.4.1/bin/../lib/gcc/arm-none-eabi/5.4.1/armv7-m\libgcc.a
LOAD c:/program files (x86)/cypress/psoc creator/4.2/psoc creator/import/gnu/arm/5.4.1/bin/../lib/gcc/arm-none-eabi/5.4.1/../../../../arm-none-eabi/lib/armv7-m\libc_nano.a
END GROUP
LOAD c:/program files (x86)/cypress/psoc creator/4.2/psoc creator/import/gnu/arm/5.4.1/bin/../lib/gcc/arm-none-eabi/5.4.1/armv7-m/crtend.o
LOAD c:/program files (x86)/cypress/psoc creator/4.2/psoc creator/import/gnu/arm/5.4.1/bin/../lib/gcc/arm-none-eabi/5.4.1/armv7-m/crtn.o
START GROUP
LOAD c:/program files (x86)/cypress/psoc creator/4.2/psoc creator/import/gnu/arm/5.4.1/bin/../lib/gcc/arm-none-eabi/5.4.1/armv7-m\libgcc.a
LOAD c:/program files (x86)/cypress/psoc creator/4.2/psoc creator/import/gnu/arm/5.4.1/bin/../lib/gcc/arm-none-eabi/5.4.1/../../../../arm-none-eabi/lib/armv7-m\libc.a
LOAD c:/program files (x86)/cypress/psoc creator/4.2/psoc creator/import/gnu/arm/5.4.1/bin/../lib/gcc/arm-none-eabi/5.4.1/../../../../arm-none-eabi/lib/armv7-m\libnosys.a
END GROUP
                0x00000000                CY_APPL_ORIGIN = 0x0
                0x00000100                CY_FLASH_ROW_SIZE = 0x100
                0x00000020                CY_ECC_ROW_SIZE = 0x20
                0x00000000                CY_EE_IN_BTLDR = 0x0
                0x00000000                CY_APPL_LOADABLE = 0x0
                0x00000800                CY_EE_SIZE = 0x800
                0x00000001                CY_APPL_NUM = 0x1
                0x00000001                CY_APPL_MAX = 0x1
                0x00000040                CY_METADATA_SIZE = 0x40
                0x00000000                CY_APPL_LOADABLE = 0x0
                0x00000000                CY_CHECKSUM_EXCLUDE_SIZE = ALIGN (0x0, CY_FLASH_ROW_SIZE)
                [!provide]                PROVIDE (__cy_heap_start, _end)
                0x00000001                PROVIDE (__cy_region_num, ((__cy_regions_end - __cy_regions) / 0x10))
                0x20008000                PROVIDE (__cy_stack, (ORIGIN (ram) + LENGTH (ram)))
                [!provide]                PROVIDE (__cy_heap_end, (__cy_stack - 0x800))

.cybootloader   0x00000000        0x0
 *(.cybootloader)
                0x00000000                appl1_start = CY_APPL_ORIGIN?CY_APPL_ORIGIN:ALIGN (CY_FLASH_ROW_SIZE)
                0x0001ff00                appl2_start = (appl1_start + ALIGN ((((LENGTH (rom) - appl1_start) - (0x2 * CY_FLASH_ROW_SIZE)) / 0x2), CY_FLASH_ROW_SIZE))
                0x00000000                appl_start = (CY_APPL_NUM == 0x1)?appl1_start:appl2_start
                0x00000000                ecc_offset = ((appl_start / CY_FLASH_ROW_SIZE) * CY_ECC_ROW_SIZE)
                0x00000000                ee_offset = (CY_APPL_LOADABLE && ! (CY_EE_IN_BTLDR))?((CY_EE_SIZE / CY_APPL_MAX) * (CY_APPL_NUM - 0x1)):0x0
                0x00000800                ee_size = (CY_APPL_LOADABLE && ! (CY_EE_IN_BTLDR))?(CY_EE_SIZE / CY_APPL_MAX):CY_EE_SIZE
                [!provide]                PROVIDE (CY_ECC_OFFSET, ecc_offset)

.text           0x00000000      0xf3e
 CREATE_OBJECT_SYMBOLS
                0x00000000                PROVIDE (__cy_interrupt_vector, RomVectors)
 *(.romvectors)
 .romvectors    0x00000000       0x10 .\CortexM3\ARM_GCC_541\Debug\Cm3Start.o
                0x00000000                RomVectors
                0x00000001                ASSERT ((. != __cy_interrupt_vector), No interrupt vector)
                0x00000001                ASSERT (CY_APPL_ORIGIN?(SIZEOF (.cybootloader) <= CY_APPL_ORIGIN):0x1, Wrong image location)
                0x00000010                PROVIDE (__cy_reset, Reset)
 *(.text.Reset)
 .text.Reset    0x00000010       0x18 .\CortexM3\ARM_GCC_541\Debug\Cm3Start.o
                0x00000010                Reset
                0x00000001                ASSERT ((. != __cy_reset), No reset code)
 *(.dma_init)
                0x00000001                ASSERT ((((appl_start + .) <= 0x10000) || 0x1), DMA Init must be within the first 64k of flash)
 *(.text .text.* .gnu.linkonce.t.*)
 .text          0x00000028       0x5c c:/program files (x86)/cypress/psoc creator/4.2/psoc creator/import/gnu/arm/5.4.1/bin/../lib/gcc/arm-none-eabi/5.4.1/armv7-m/crtbegin.o
 .text.periodic_task
                0x00000084        0xc .\CortexM3\ARM_GCC_541\Debug\main.o
                0x00000084                periodic_task
 .text.main     0x00000090       0x88 .\CortexM3\ARM_GCC_541\Debug\main.o
                0x00000090                main
 .text.angle_to_compare
                0x00000118       0x20 .\CortexM3\ARM_GCC_541\Debug\servocontrol.o
                0x00000118                angle_to_compare
 .text.set_smooth_servo_angle
                0x00000138       0x1c .\CortexM3\ARM_GCC_541\Debug\servocontrol.o
                0x00000138                set_smooth_servo_angle
 .text.update_servos
                0x00000154       0x90 .\CortexM3\ARM_GCC_541\Debug\servocontrol.o
                0x00000154                update_servos
 .text.tilt_set
                0x000001e4       0x6c .\CortexM3\ARM_GCC_541\Debug\neckcontrol.o
                0x000001e4                tilt_set
 .text.mouth_set
                0x00000250       0x20 .\CortexM3\ARM_GCC_541\Debug\mouthcontrol.o
                0x00000250                mouth_set
 .text.eyelid_set
                0x00000270       0x30 .\CortexM3\ARM_GCC_541\Debug\eyecontrol.o
                0x00000270                eyelid_set
 .text.eyeball_set
                0x000002a0       0x28 .\CortexM3\ARM_GCC_541\Debug\eyecontrol.o
                0x000002a0                eyeball_set
 .text.eyebrow_set
                0x000002c8       0x98 .\CortexM3\ARM_GCC_541\Debug\eyecontrol.o
                0x000002c8                eyebrow_set
 .text.CyClockStartupError
                0x00000360        0x4 .\CortexM3\ARM_GCC_541\Debug\cyfitter_cfg.o
 .text.cfg_write_bytes32
                0x00000364       0x34 .\CortexM3\ARM_GCC_541\Debug\cyfitter_cfg.o
 .text.AnalogSetDefault
                0x00000398       0x28 .\CortexM3\ARM_GCC_541\Debug\cyfitter_cfg.o
 .text.CYMEMZERO
                0x000003c0        0xc .\CortexM3\ARM_GCC_541\Debug\cyfitter_cfg.o
 .text.ClockSetup
                0x000003cc       0xb8 .\CortexM3\ARM_GCC_541\Debug\cyfitter_cfg.o
 .text.CYCONFIGCPY
                0x00000484        0x8 .\CortexM3\ARM_GCC_541\Debug\cyfitter_cfg.o
 .text.cyfitter_cfg
                0x0000048c       0xf0 .\CortexM3\ARM_GCC_541\Debug\cyfitter_cfg.o
                0x0000048c                cyfitter_cfg
 .text.IntDefaultHandler
                0x0000057c       0x10 .\CortexM3\ARM_GCC_541\Debug\Cm3Start.o
                0x0000057c                IntDefaultHandler
 .text.Start_c  0x0000058c       0x4c .\CortexM3\ARM_GCC_541\Debug\Cm3Start.o
                0x0000058c                Start_c
 .text.initialize_psoc
                0x000005d8       0x68 .\CortexM3\ARM_GCC_541\Debug\Cm3Start.o
                0x000005d8                initialize_psoc
 .text.LeftEyebrow_Enable
                0x00000640       0x10 .\CortexM3\ARM_GCC_541\Debug\Control.a(LeftEyebrow.o)
                0x00000640                LeftEyebrow_Enable
 .text.LeftEyebrow_WriteCounter
                0x00000650        0xc .\CortexM3\ARM_GCC_541\Debug\Control.a(LeftEyebrow.o)
                0x00000650                LeftEyebrow_WriteCounter
 .text.LeftEyebrow_WritePeriod
                0x0000065c        0xc .\CortexM3\ARM_GCC_541\Debug\Control.a(LeftEyebrow.o)
                0x0000065c                LeftEyebrow_WritePeriod
 .text.LeftEyebrow_WriteCompare1
                0x00000668        0xc .\CortexM3\ARM_GCC_541\Debug\Control.a(LeftEyebrow.o)
                0x00000668                LeftEyebrow_WriteCompare1
 .text.LeftEyebrow_WriteCompare2
                0x00000674        0xc .\CortexM3\ARM_GCC_541\Debug\Control.a(LeftEyebrow.o)
                0x00000674                LeftEyebrow_WriteCompare2
 .text.LeftEyebrow_SetInterruptMode
                0x00000680        0xc .\CortexM3\ARM_GCC_541\Debug\Control.a(LeftEyebrow.o)
                0x00000680                LeftEyebrow_SetInterruptMode
 .text.LeftEyebrow_ReadStatusRegister
                0x0000068c        0xc .\CortexM3\ARM_GCC_541\Debug\Control.a(LeftEyebrow.o)
                0x0000068c                LeftEyebrow_ReadStatusRegister
 .text.LeftEyebrow_ReadCapture
                0x00000698        0xc .\CortexM3\ARM_GCC_541\Debug\Control.a(LeftEyebrow.o)
                0x00000698                LeftEyebrow_ReadCapture
 .text.LeftEyebrow_ClearFIFO
                0x000006a4       0x14 .\CortexM3\ARM_GCC_541\Debug\Control.a(LeftEyebrow.o)
                0x000006a4                LeftEyebrow_ClearFIFO
 .text.LeftEyebrow_Init
                0x000006b8       0x68 .\CortexM3\ARM_GCC_541\Debug\Control.a(LeftEyebrow.o)
                0x000006b8                LeftEyebrow_Init
 .text.LeftEyebrow_Start
                0x00000720       0x1c .\CortexM3\ARM_GCC_541\Debug\Control.a(LeftEyebrow.o)
                0x00000720                LeftEyebrow_Start
 .text.RightEyebrow_Enable
                0x0000073c       0x10 .\CortexM3\ARM_GCC_541\Debug\Control.a(RightEyebrow.o)
                0x0000073c                RightEyebrow_Enable
 .text.RightEyebrow_WriteCounter
                0x0000074c        0xc .\CortexM3\ARM_GCC_541\Debug\Control.a(RightEyebrow.o)
                0x0000074c                RightEyebrow_WriteCounter
 .text.RightEyebrow_WritePeriod
                0x00000758        0xc .\CortexM3\ARM_GCC_541\Debug\Control.a(RightEyebrow.o)
                0x00000758                RightEyebrow_WritePeriod
 .text.RightEyebrow_WriteCompare1
                0x00000764        0xc .\CortexM3\ARM_GCC_541\Debug\Control.a(RightEyebrow.o)
                0x00000764                RightEyebrow_WriteCompare1
 .text.RightEyebrow_WriteCompare2
                0x00000770        0xc .\CortexM3\ARM_GCC_541\Debug\Control.a(RightEyebrow.o)
                0x00000770                RightEyebrow_WriteCompare2
 .text.RightEyebrow_SetInterruptMode
                0x0000077c        0xc .\CortexM3\ARM_GCC_541\Debug\Control.a(RightEyebrow.o)
                0x0000077c                RightEyebrow_SetInterruptMode
 .text.RightEyebrow_ReadStatusRegister
                0x00000788        0xc .\CortexM3\ARM_GCC_541\Debug\Control.a(RightEyebrow.o)
                0x00000788                RightEyebrow_ReadStatusRegister
 .text.RightEyebrow_ReadCapture
                0x00000794        0xc .\CortexM3\ARM_GCC_541\Debug\Control.a(RightEyebrow.o)
                0x00000794                RightEyebrow_ReadCapture
 .text.RightEyebrow_ClearFIFO
                0x000007a0       0x14 .\CortexM3\ARM_GCC_541\Debug\Control.a(RightEyebrow.o)
                0x000007a0                RightEyebrow_ClearFIFO
 .text.RightEyebrow_Init
                0x000007b4       0x68 .\CortexM3\ARM_GCC_541\Debug\Control.a(RightEyebrow.o)
                0x000007b4                RightEyebrow_Init
 .text.RightEyebrow_Start
                0x0000081c       0x1c .\CortexM3\ARM_GCC_541\Debug\Control.a(RightEyebrow.o)
                0x0000081c                RightEyebrow_Start
 .text.LeftEyeball_WriteCompare1
                0x00000838        0xc .\CortexM3\ARM_GCC_541\Debug\Control.a(LeftEyeball.o)
                0x00000838                LeftEyeball_WriteCompare1
 .text.LeftEyeball_WriteCompare2
                0x00000844        0xc .\CortexM3\ARM_GCC_541\Debug\Control.a(LeftEyeball.o)
                0x00000844                LeftEyeball_WriteCompare2
 .text.RightEyeball_Enable
                0x00000850       0x10 .\CortexM3\ARM_GCC_541\Debug\Control.a(RightEyeball.o)
                0x00000850                RightEyeball_Enable
 .text.RightEyeball_WriteCounter
                0x00000860        0xc .\CortexM3\ARM_GCC_541\Debug\Control.a(RightEyeball.o)
                0x00000860                RightEyeball_WriteCounter
 .text.RightEyeball_WritePeriod
                0x0000086c        0xc .\CortexM3\ARM_GCC_541\Debug\Control.a(RightEyeball.o)
                0x0000086c                RightEyeball_WritePeriod
 .text.RightEyeball_WriteCompare1
                0x00000878        0xc .\CortexM3\ARM_GCC_541\Debug\Control.a(RightEyeball.o)
                0x00000878                RightEyeball_WriteCompare1
 .text.RightEyeball_WriteCompare2
                0x00000884        0xc .\CortexM3\ARM_GCC_541\Debug\Control.a(RightEyeball.o)
                0x00000884                RightEyeball_WriteCompare2
 .text.RightEyeball_SetInterruptMode
                0x00000890        0xc .\CortexM3\ARM_GCC_541\Debug\Control.a(RightEyeball.o)
                0x00000890                RightEyeball_SetInterruptMode
 .text.RightEyeball_ReadStatusRegister
                0x0000089c        0xc .\CortexM3\ARM_GCC_541\Debug\Control.a(RightEyeball.o)
                0x0000089c                RightEyeball_ReadStatusRegister
 .text.RightEyeball_ReadCapture
                0x000008a8        0xc .\CortexM3\ARM_GCC_541\Debug\Control.a(RightEyeball.o)
                0x000008a8                RightEyeball_ReadCapture
 .text.RightEyeball_ClearFIFO
                0x000008b4       0x14 .\CortexM3\ARM_GCC_541\Debug\Control.a(RightEyeball.o)
                0x000008b4                RightEyeball_ClearFIFO
 .text.RightEyeball_Init
                0x000008c8       0x68 .\CortexM3\ARM_GCC_541\Debug\Control.a(RightEyeball.o)
                0x000008c8                RightEyeball_Init
 .text.RightEyeball_Start
                0x00000930       0x1c .\CortexM3\ARM_GCC_541\Debug\Control.a(RightEyeball.o)
                0x00000930                RightEyeball_Start
 .text.Eyelids_Enable
                0x0000094c       0x10 .\CortexM3\ARM_GCC_541\Debug\Control.a(Eyelids.o)
                0x0000094c                Eyelids_Enable
 .text.Eyelids_WriteCounter
                0x0000095c        0xc .\CortexM3\ARM_GCC_541\Debug\Control.a(Eyelids.o)
                0x0000095c                Eyelids_WriteCounter
 .text.Eyelids_WritePeriod
                0x00000968        0xc .\CortexM3\ARM_GCC_541\Debug\Control.a(Eyelids.o)
                0x00000968                Eyelids_WritePeriod
 .text.Eyelids_WriteCompare1
                0x00000974        0xc .\CortexM3\ARM_GCC_541\Debug\Control.a(Eyelids.o)
                0x00000974                Eyelids_WriteCompare1
 .text.Eyelids_WriteCompare2
                0x00000980        0xc .\CortexM3\ARM_GCC_541\Debug\Control.a(Eyelids.o)
                0x00000980                Eyelids_WriteCompare2
 .text.Eyelids_SetInterruptMode
                0x0000098c        0xc .\CortexM3\ARM_GCC_541\Debug\Control.a(Eyelids.o)
                0x0000098c                Eyelids_SetInterruptMode
 .text.Eyelids_ReadStatusRegister
                0x00000998        0xc .\CortexM3\ARM_GCC_541\Debug\Control.a(Eyelids.o)
                0x00000998                Eyelids_ReadStatusRegister
 .text.Eyelids_ReadCapture
                0x000009a4        0xc .\CortexM3\ARM_GCC_541\Debug\Control.a(Eyelids.o)
                0x000009a4                Eyelids_ReadCapture
 .text.Eyelids_ClearFIFO
                0x000009b0       0x14 .\CortexM3\ARM_GCC_541\Debug\Control.a(Eyelids.o)
                0x000009b0                Eyelids_ClearFIFO
 .text.Eyelids_Init
                0x000009c4       0x68 .\CortexM3\ARM_GCC_541\Debug\Control.a(Eyelids.o)
                0x000009c4                Eyelids_Init
 .text.Eyelids_Start
                0x00000a2c       0x1c .\CortexM3\ARM_GCC_541\Debug\Control.a(Eyelids.o)
                0x00000a2c                Eyelids_Start
 .text.Neck_Enable
                0x00000a48       0x10 .\CortexM3\ARM_GCC_541\Debug\Control.a(Neck.o)
                0x00000a48                Neck_Enable
 .text.Neck_WriteCounter
                0x00000a58        0xc .\CortexM3\ARM_GCC_541\Debug\Control.a(Neck.o)
                0x00000a58                Neck_WriteCounter
 .text.Neck_WritePeriod
                0x00000a64        0xc .\CortexM3\ARM_GCC_541\Debug\Control.a(Neck.o)
                0x00000a64                Neck_WritePeriod
 .text.Neck_WriteCompare1
                0x00000a70        0xc .\CortexM3\ARM_GCC_541\Debug\Control.a(Neck.o)
                0x00000a70                Neck_WriteCompare1
 .text.Neck_WriteCompare2
                0x00000a7c        0xc .\CortexM3\ARM_GCC_541\Debug\Control.a(Neck.o)
                0x00000a7c                Neck_WriteCompare2
 .text.Neck_SetInterruptMode
                0x00000a88        0xc .\CortexM3\ARM_GCC_541\Debug\Control.a(Neck.o)
                0x00000a88                Neck_SetInterruptMode
 .text.Neck_ReadStatusRegister
                0x00000a94        0xc .\CortexM3\ARM_GCC_541\Debug\Control.a(Neck.o)
                0x00000a94                Neck_ReadStatusRegister
 .text.Neck_ReadCapture
                0x00000aa0        0xc .\CortexM3\ARM_GCC_541\Debug\Control.a(Neck.o)
                0x00000aa0                Neck_ReadCapture
 .text.Neck_ClearFIFO
                0x00000aac       0x14 .\CortexM3\ARM_GCC_541\Debug\Control.a(Neck.o)
                0x00000aac                Neck_ClearFIFO
 .text.Neck_Init
                0x00000ac0       0x68 .\CortexM3\ARM_GCC_541\Debug\Control.a(Neck.o)
                0x00000ac0                Neck_Init
 .text.Neck_Start
                0x00000b28       0x1c .\CortexM3\ARM_GCC_541\Debug\Control.a(Neck.o)
                0x00000b28                Neck_Start
 .text.Base_Enable
                0x00000b44       0x10 .\CortexM3\ARM_GCC_541\Debug\Control.a(Base.o)
                0x00000b44                Base_Enable
 .text.Base_WriteCounter
                0x00000b54        0xc .\CortexM3\ARM_GCC_541\Debug\Control.a(Base.o)
                0x00000b54                Base_WriteCounter
 .text.Base_WritePeriod
                0x00000b60        0xc .\CortexM3\ARM_GCC_541\Debug\Control.a(Base.o)
                0x00000b60                Base_WritePeriod
 .text.Base_WriteCompare1
                0x00000b6c        0xc .\CortexM3\ARM_GCC_541\Debug\Control.a(Base.o)
                0x00000b6c                Base_WriteCompare1
 .text.Base_WriteCompare2
                0x00000b78        0xc .\CortexM3\ARM_GCC_541\Debug\Control.a(Base.o)
                0x00000b78                Base_WriteCompare2
 .text.Base_SetInterruptMode
                0x00000b84        0xc .\CortexM3\ARM_GCC_541\Debug\Control.a(Base.o)
                0x00000b84                Base_SetInterruptMode
 .text.Base_ReadStatusRegister
                0x00000b90        0xc .\CortexM3\ARM_GCC_541\Debug\Control.a(Base.o)
                0x00000b90                Base_ReadStatusRegister
 .text.Base_ReadCapture
                0x00000b9c        0xc .\CortexM3\ARM_GCC_541\Debug\Control.a(Base.o)
                0x00000b9c                Base_ReadCapture
 .text.Base_ClearFIFO
                0x00000ba8       0x14 .\CortexM3\ARM_GCC_541\Debug\Control.a(Base.o)
                0x00000ba8                Base_ClearFIFO
 .text.Base_Init
                0x00000bbc       0x68 .\CortexM3\ARM_GCC_541\Debug\Control.a(Base.o)
                0x00000bbc                Base_Init
 .text.Base_Start
                0x00000c24       0x1c .\CortexM3\ARM_GCC_541\Debug\Control.a(Base.o)
                0x00000c24                Base_Start
 .text.CyDelay  0x00000c40       0x2c .\CortexM3\ARM_GCC_541\Debug\Control.a(CyLib.o)
                0x00000c40                CyDelay
 .text.Lips_Enable
                0x00000c6c       0x10 .\CortexM3\ARM_GCC_541\Debug\Control.a(Lips.o)
                0x00000c6c                Lips_Enable
 .text.Lips_WriteCounter
                0x00000c7c        0xc .\CortexM3\ARM_GCC_541\Debug\Control.a(Lips.o)
                0x00000c7c                Lips_WriteCounter
 .text.Lips_WritePeriod
                0x00000c88        0xc .\CortexM3\ARM_GCC_541\Debug\Control.a(Lips.o)
                0x00000c88                Lips_WritePeriod
 .text.Lips_WriteCompare1
                0x00000c94        0xc .\CortexM3\ARM_GCC_541\Debug\Control.a(Lips.o)
                0x00000c94                Lips_WriteCompare1
 .text.Lips_WriteCompare2
                0x00000ca0        0xc .\CortexM3\ARM_GCC_541\Debug\Control.a(Lips.o)
                0x00000ca0                Lips_WriteCompare2
 .text.Lips_SetInterruptMode
                0x00000cac        0xc .\CortexM3\ARM_GCC_541\Debug\Control.a(Lips.o)
                0x00000cac                Lips_SetInterruptMode
 .text.Lips_ReadStatusRegister
                0x00000cb8        0xc .\CortexM3\ARM_GCC_541\Debug\Control.a(Lips.o)
                0x00000cb8                Lips_ReadStatusRegister
 .text.Lips_ReadCapture
                0x00000cc4        0xc .\CortexM3\ARM_GCC_541\Debug\Control.a(Lips.o)
                0x00000cc4                Lips_ReadCapture
 .text.Lips_ClearFIFO
                0x00000cd0       0x14 .\CortexM3\ARM_GCC_541\Debug\Control.a(Lips.o)
                0x00000cd0                Lips_ClearFIFO
 .text.Lips_Init
                0x00000ce4       0x68 .\CortexM3\ARM_GCC_541\Debug\Control.a(Lips.o)
                0x00000ce4                Lips_Init
 .text.Lips_Start
                0x00000d4c       0x1c .\CortexM3\ARM_GCC_541\Debug\Control.a(Lips.o)
                0x00000d4c                Lips_Start
 .text.timer_isr_SetVector
                0x00000d68       0x10 .\CortexM3\ARM_GCC_541\Debug\Control.a(timer_isr.o)
                0x00000d68                timer_isr_SetVector
 .text.timer_isr_SetPriority
                0x00000d78       0x10 .\CortexM3\ARM_GCC_541\Debug\Control.a(timer_isr.o)
                0x00000d78                timer_isr_SetPriority
 .text.timer_isr_Enable
                0x00000d88       0x10 .\CortexM3\ARM_GCC_541\Debug\Control.a(timer_isr.o)
                0x00000d88                timer_isr_Enable
 .text.timer_isr_Disable
                0x00000d98       0x10 .\CortexM3\ARM_GCC_541\Debug\Control.a(timer_isr.o)
                0x00000d98                timer_isr_Disable
 .text.timer_isr_StartEx
                0x00000da8       0x1c .\CortexM3\ARM_GCC_541\Debug\Control.a(timer_isr.o)
                0x00000da8                timer_isr_StartEx
 .text.Timer_Enable
                0x00000dc4       0x28 .\CortexM3\ARM_GCC_541\Debug\Control.a(Timer.o)
                0x00000dc4                Timer_Enable
 .text.Timer_SetInterruptMode
                0x00000dec        0xc .\CortexM3\ARM_GCC_541\Debug\Control.a(Timer.o)
                0x00000dec                Timer_SetInterruptMode
 .text.Timer_ReadStatusRegister
                0x00000df8        0xc .\CortexM3\ARM_GCC_541\Debug\Control.a(Timer.o)
                0x00000df8                Timer_ReadStatusRegister
 .text.Timer_WritePeriod
                0x00000e04        0xc .\CortexM3\ARM_GCC_541\Debug\Control.a(Timer.o)
                0x00000e04                Timer_WritePeriod
 .text.Timer_WriteCounter
                0x00000e10        0xc .\CortexM3\ARM_GCC_541\Debug\Control.a(Timer.o)
                0x00000e10                Timer_WriteCounter
 .text.Timer_Init
                0x00000e1c       0x68 .\CortexM3\ARM_GCC_541\Debug\Control.a(Timer.o)
                0x00000e1c                Timer_Init
 .text.Timer_Start
                0x00000e84       0x1c .\CortexM3\ARM_GCC_541\Debug\Control.a(Timer.o)
                0x00000e84                Timer_Start
 .text          0x00000ea0       0x20 .\CortexM3\ARM_GCC_541\Debug\Control.a(CyBootAsmGnu.o)
                0x00000ea0                CyDelayCycles
                0x00000eb0                CyEnterCriticalSection
                0x00000eb8                CyExitCriticalSection
 .text.__errno  0x00000ec0        0xc c:/program files (x86)/cypress/psoc creator/4.2/psoc creator/import/gnu/arm/5.4.1/bin/../lib/gcc/arm-none-eabi/5.4.1/../../../../arm-none-eabi/lib/armv7-m\libg_nano.a(lib_a-errno.o)
                0x00000ec0                __errno
 .text.__libc_init_array
                0x00000ecc       0x4c c:/program files (x86)/cypress/psoc creator/4.2/psoc creator/import/gnu/arm/5.4.1/bin/../lib/gcc/arm-none-eabi/5.4.1/../../../../arm-none-eabi/lib/armv7-m\libg_nano.a(lib_a-init.o)
                0x00000ecc                __libc_init_array
 .text.memcpy   0x00000f18       0x16 c:/program files (x86)/cypress/psoc creator/4.2/psoc creator/import/gnu/arm/5.4.1/bin/../lib/gcc/arm-none-eabi/5.4.1/../../../../arm-none-eabi/lib/armv7-m\libg_nano.a(lib_a-memcpy-stub.o)
                0x00000f18                memcpy
 .text.memset   0x00000f2e       0x10 c:/program files (x86)/cypress/psoc creator/4.2/psoc creator/import/gnu/arm/5.4.1/bin/../lib/gcc/arm-none-eabi/5.4.1/../../../../arm-none-eabi/lib/armv7-m\libg_nano.a(lib_a-memset.o)
                0x00000f2e                memset
 *(.plt)
 *(.gnu.warning)
 *(.glue_7t)
 .glue_7t       0x00000f3e        0x0 linker stubs
 *(.glue_7)
 .glue_7        0x00000f3e        0x0 linker stubs
 *(.vfp11_veneer)
 .vfp11_veneer  0x00000f3e        0x0 linker stubs
 *(.bootloader)
 *(.ARM.extab* .gnu.linkonce.armextab.*)
 *(.gcc_except_table)

.v4_bx          0x00000f40        0x0
 .v4_bx         0x00000f40        0x0 linker stubs

.iplt           0x00000f40        0x0
 .iplt          0x00000f40        0x0 c:/program files (x86)/cypress/psoc creator/4.2/psoc creator/import/gnu/arm/5.4.1/bin/../lib/gcc/arm-none-eabi/5.4.1/armv7-m/crtbegin.o

.eh_frame_hdr
 *(.eh_frame_hdr)

.eh_frame       0x00000f40        0x4
 *(.eh_frame)
 .eh_frame      0x00000f40        0x0 c:/program files (x86)/cypress/psoc creator/4.2/psoc creator/import/gnu/arm/5.4.1/bin/../lib/gcc/arm-none-eabi/5.4.1/armv7-m/crtbegin.o
 .eh_frame      0x00000f40        0x4 c:/program files (x86)/cypress/psoc creator/4.2/psoc creator/import/gnu/arm/5.4.1/bin/../lib/gcc/arm-none-eabi/5.4.1/armv7-m/crtend.o
                [!provide]                PROVIDE (__exidx_start, .)

.ARM.exidx
 *(.ARM.exidx* .gnu.linkonce.armexidx.*)
                0x00000f44                __exidx_end = .

.rodata         0x00000f44       0x6c
 *(.rodata .rodata.* .gnu.linkonce.r.*)
 .rodata        0x00000f44       0x36 .\CortexM3\ARM_GCC_541\Debug\cyfitter_cfg.o
 .rodata.str1.1
                0x00000f7a        0x2 c:/program files (x86)/cypress/psoc creator/4.2/psoc creator/import/gnu/arm/5.4.1/bin/../lib/gcc/arm-none-eabi/5.4.1/../../../../arm-none-eabi/lib/armv7-m\libg_nano.a(lib_a-impure.o)
                0x00000f7c                . = ALIGN (0x4)
 *(.init)
 .init          0x00000f7c        0x4 c:/program files (x86)/cypress/psoc creator/4.2/psoc creator/import/gnu/arm/5.4.1/bin/../lib/gcc/arm-none-eabi/5.4.1/armv7-m/crti.o
                0x00000f7c                _init
 .init          0x00000f80        0x8 c:/program files (x86)/cypress/psoc creator/4.2/psoc creator/import/gnu/arm/5.4.1/bin/../lib/gcc/arm-none-eabi/5.4.1/armv7-m/crtn.o
                0x00000f88                . = ALIGN (0x4)
                0x00000f88                __preinit_array_start = .
 *(.preinit_array)
                0x00000f88                __preinit_array_end = .
                0x00000f88                . = ALIGN (0x4)
                0x00000f88                __init_array_start = .
 *(SORT(.init_array.*))
 *(.init_array)
 .init_array    0x00000f88        0x4 c:/program files (x86)/cypress/psoc creator/4.2/psoc creator/import/gnu/arm/5.4.1/bin/../lib/gcc/arm-none-eabi/5.4.1/armv7-m/crtbegin.o
 .init_array    0x00000f8c        0x4 .\CortexM3\ARM_GCC_541\Debug\Cm3Start.o
                0x00000f90                __init_array_end = .
                0x00000f90                . = ALIGN (0x4)
 *(.fini)
 .fini          0x00000f90        0x4 c:/program files (x86)/cypress/psoc creator/4.2/psoc creator/import/gnu/arm/5.4.1/bin/../lib/gcc/arm-none-eabi/5.4.1/armv7-m/crti.o
                0x00000f90                _fini
 .fini          0x00000f94        0x8 c:/program files (x86)/cypress/psoc creator/4.2/psoc creator/import/gnu/arm/5.4.1/bin/../lib/gcc/arm-none-eabi/5.4.1/armv7-m/crtn.o
                0x00000f9c                . = ALIGN (0x4)
                0x00000f9c                __fini_array_start = .
 *(.fini_array)
 .fini_array    0x00000f9c        0x4 c:/program files (x86)/cypress/psoc creator/4.2/psoc creator/import/gnu/arm/5.4.1/bin/../lib/gcc/arm-none-eabi/5.4.1/armv7-m/crtbegin.o
 *(SORT(.fini_array.*))
                0x00000fa0                __fini_array_end = .
                0x00000fa0                . = ALIGN (0x4)
 *crtbegin.o(.ctors)
 *(EXCLUDE_FILE(*crtend.o) .ctors)
 *(SORT(.ctors.*))
 *crtend.o(.ctors)
                0x00000fa0                . = ALIGN (0x4)
 *crtbegin.o(.dtors)
 *(EXCLUDE_FILE(*crtend.o) .dtors)
 *(SORT(.dtors.*))
 *crtend.o(.dtors)
                0x00000fa0                . = ALIGN (0x4)
                0x00000fa0                __cy_regions = .
                0x00000fa0        0x4 LONG 0xfb0 __cy_region_init_ram
                0x00000fa4        0x4 LONG 0x1fff80c8 __cy_region_start_data
                0x00000fa8        0x4 LONG 0x138 __cy_region_init_size_ram
                0x00000fac        0x4 LONG 0x28 __cy_region_zero_size_ram
                0x00000fb0                __cy_regions_end = .
                0x00000fb0                . = ALIGN (0x8)
                0x00000fb0                _etext = .

.cy_checksum_exclude
                0x00000fb0        0x0
 *(.cy_checksum_exclude)

.ramvectors     0x1fff8000       0xc0
                0x1fff8000                __cy_region_start_ram = .
 *(.ramvectors)
 .ramvectors    0x1fff8000       0xc0 .\CortexM3\ARM_GCC_541\Debug\Cm3Start.o
                0x1fff8000                CyRamVectors

.noinit         0x1fff80c0        0x1
 *(.noinit)
 .noinit        0x1fff80c0        0x1 .\CortexM3\ARM_GCC_541\Debug\Control.a(CyLib.o)
                0x1fff80c0                CyResetStatus

.data           0x1fff80c8      0x138 load address 0x00000fb0
                0x1fff80c8                __cy_region_start_data = .
 *(.jcr)
 .jcr           0x1fff80c8        0x0 c:/program files (x86)/cypress/psoc creator/4.2/psoc creator/import/gnu/arm/5.4.1/bin/../lib/gcc/arm-none-eabi/5.4.1/armv7-m/crtbegin.o
 .jcr           0x1fff80c8        0x4 c:/program files (x86)/cypress/psoc creator/4.2/psoc creator/import/gnu/arm/5.4.1/bin/../lib/gcc/arm-none-eabi/5.4.1/armv7-m/crtend.o
 *(.got.plt)
 *(.got)
 *(.shdata)
 *(.data .data.* .gnu.linkonce.d.*)
 .data          0x1fff80cc       0xc0 .\CortexM3\ARM_GCC_541\Debug\servocontrol.o
                0x1fff80cc                servo_map
 .data          0x1fff818c       0x10 .\CortexM3\ARM_GCC_541\Debug\Control.a(CyLib.o)
                0x1fff818c                cydelay_32k_ms
                0x1fff8190                cydelay_freq_khz
                0x1fff8194                cydelay_freq_mhz
                0x1fff8198                cydelay_freq_hz
 .data.impure_data
                0x1fff819c       0x60 c:/program files (x86)/cypress/psoc creator/4.2/psoc creator/import/gnu/arm/5.4.1/bin/../lib/gcc/arm-none-eabi/5.4.1/../../../../arm-none-eabi/lib/armv7-m\libg_nano.a(lib_a-impure.o)
 .data._impure_ptr
                0x1fff81fc        0x4 c:/program files (x86)/cypress/psoc creator/4.2/psoc creator/import/gnu/arm/5.4.1/bin/../lib/gcc/arm-none-eabi/5.4.1/../../../../arm-none-eabi/lib/armv7-m\libg_nano.a(lib_a-impure.o)
                0x1fff81fc                _impure_ptr
                0x1fff8200                . = ALIGN (0x8)
 *(.ram)
                0x1fff8200                _edata = .

.igot.plt       0x1fff8200        0x0 load address 0x000010e8
 .igot.plt      0x1fff8200        0x0 c:/program files (x86)/cypress/psoc creator/4.2/psoc creator/import/gnu/arm/5.4.1/bin/../lib/gcc/arm-none-eabi/5.4.1/armv7-m/crtbegin.o

.bss            0x1fff8200       0x28 load address 0x000010e8
                0x1fff8200                PROVIDE (__bss_start__, .)
 *(.shbss)
 *(.bss .bss.* .gnu.linkonce.b.*)
 .bss           0x1fff8200       0x1c c:/program files (x86)/cypress/psoc creator/4.2/psoc creator/import/gnu/arm/5.4.1/bin/../lib/gcc/arm-none-eabi/5.4.1/armv7-m/crtbegin.o
 .bss           0x1fff821c        0x1 .\CortexM3\ARM_GCC_541\Debug\Control.a(LeftEyebrow.o)
                0x1fff821c                LeftEyebrow_initVar
 .bss           0x1fff821d        0x1 .\CortexM3\ARM_GCC_541\Debug\Control.a(RightEyebrow.o)
                0x1fff821d                RightEyebrow_initVar
 .bss           0x1fff821e        0x1 .\CortexM3\ARM_GCC_541\Debug\Control.a(RightEyeball.o)
                0x1fff821e                RightEyeball_initVar
 .bss           0x1fff821f        0x1 .\CortexM3\ARM_GCC_541\Debug\Control.a(Eyelids.o)
                0x1fff821f                Eyelids_initVar
 .bss           0x1fff8220        0x1 .\CortexM3\ARM_GCC_541\Debug\Control.a(Neck.o)
                0x1fff8220                Neck_initVar
 .bss           0x1fff8221        0x1 .\CortexM3\ARM_GCC_541\Debug\Control.a(Base.o)
                0x1fff8221                Base_initVar
 .bss           0x1fff8222        0x1 .\CortexM3\ARM_GCC_541\Debug\Control.a(Lips.o)
                0x1fff8222                Lips_initVar
 .bss           0x1fff8223        0x1 .\CortexM3\ARM_GCC_541\Debug\Control.a(Timer.o)
                0x1fff8223                Timer_initVar
 *(COMMON)
                0x1fff8228                . = ALIGN (0x8)
 *fill*         0x1fff8224        0x4 
 *(.ram.b)
                0x1fff8228                _end = .
                0x1fff8228                __end = .
                0x1fff8228                PROVIDE (end, .)
                0x1fff8228                PROVIDE (__bss_end__, .)
                0x00000fb0                __cy_region_init_ram = LOADADDR (.data)
                0x00000138                __cy_region_init_size_ram = (_edata - ADDR (.data))
                0x00000028                __cy_region_zero_size_ram = (_end - _edata)

.heap           0x1fff8228       0x80 load address 0x000010e8
                0x1fff8228                . = _end
                0x1fff82a8                . = (. + 0x80)
 *fill*         0x1fff8228       0x80 
                0x1fff82a8                __cy_heap_limit = .

.stack          0x20007800      0x800
                0x20007800                __cy_stack_limit = .
                0x20008000                . = (. + 0x800)
 *fill*         0x20007800      0x800 
                0x00000001                ASSERT ((__cy_stack_limit >= __cy_heap_limit), region RAM overflowed with stack)
                0x00000000                cy_checksum_exclude_size = (CY_APPL_LOADABLE == 0x1)?SIZEOF (.cy_checksum_exclude):0x0
                0x00000001                ASSERT ((cy_checksum_exclude_size <= CY_CHECKSUM_EXCLUDE_SIZE), CY_BOOT: Section .cy_checksum_exclude size exceedes specified limit.)

.cyloadermeta
 *(.cyloadermeta)

.cyloadablemeta
 *(.cyloadablemeta)

.cyconfigecc    0x80000000      0x7c0
 *(.cyconfigecc)
 .cyconfigecc   0x80000000      0x7c0 .\CortexM3\ARM_GCC_541\Debug\cymetadata.o
                0x80000000                cy_meta_configecc

.cycustnvl      0x90000000        0x4
 *(.cycustnvl)
 .cycustnvl     0x90000000        0x4 .\CortexM3\ARM_GCC_541\Debug\cymetadata.o
                0x90000000                cy_meta_custnvl

.cywolatch      0x90100000        0x4
 *(.cywolatch)
 .cywolatch     0x90100000        0x4 .\CortexM3\ARM_GCC_541\Debug\cymetadata.o
                0x90100000                cy_meta_wonvl

.cyeeprom       0x90200000        0x0
 *(.cyeeprom)
                0x00000001                ASSERT ((. <= ((0x90200000 + ee_offset) + ee_size)), .cyeeprom data will not fit in EEPROM)

.cyflashprotect
                0x90400000      0x100
 *(.cyflashprotect)
 .cyflashprotect
                0x90400000      0x100 .\CortexM3\ARM_GCC_541\Debug\cymetadata.o
                0x90400000                cy_meta_flashprotect

.cymeta         0x90500000        0xc
 *(.cymeta)
 .cymeta        0x90500000        0xc .\CortexM3\ARM_GCC_541\Debug\cymetadata.o
                0x90500000                cy_metadata

.rel.dyn        0x000010e8        0x0 load address 0x9050000c
 .rel.iplt      0x000010e8        0x0 c:/program files (x86)/cypress/psoc creator/4.2/psoc creator/import/gnu/arm/5.4.1/bin/../lib/gcc/arm-none-eabi/5.4.1/armv7-m/crtbegin.o

.stab
 *(.stab)

.stabstr
 *(.stabstr)

.debug
 *(.debug)

.line
 *(.line)

.debug_srcinfo
 *(.debug_srcinfo)

.debug_sfnames
 *(.debug_sfnames)

.debug_aranges  0x00000000      0xc38
 *(.debug_aranges)
 .debug_aranges
                0x00000000       0x28 .\CortexM3\ARM_GCC_541\Debug\main.o
 .debug_aranges
                0x00000028       0x30 .\CortexM3\ARM_GCC_541\Debug\servocontrol.o
 .debug_aranges
                0x00000058       0x28 .\CortexM3\ARM_GCC_541\Debug\neckcontrol.o
 .debug_aranges
                0x00000080       0x28 .\CortexM3\ARM_GCC_541\Debug\mouthcontrol.o
 .debug_aranges
                0x000000a8       0x30 .\CortexM3\ARM_GCC_541\Debug\eyecontrol.o
 .debug_aranges
                0x000000d8       0x58 .\CortexM3\ARM_GCC_541\Debug\cyfitter_cfg.o
 .debug_aranges
                0x00000130       0x18 .\CortexM3\ARM_GCC_541\Debug\cymetadata.o
 .debug_aranges
                0x00000148       0x48 .\CortexM3\ARM_GCC_541\Debug\Cm3Start.o
 .debug_aranges
                0x00000190       0xa8 .\CortexM3\ARM_GCC_541\Debug\Control.a(LeftEyebrow.o)
 .debug_aranges
                0x00000238       0xa8 .\CortexM3\ARM_GCC_541\Debug\Control.a(RightEyebrow.o)
 .debug_aranges
                0x000002e0       0xa8 .\CortexM3\ARM_GCC_541\Debug\Control.a(LeftEyeball.o)
 .debug_aranges
                0x00000388       0xa8 .\CortexM3\ARM_GCC_541\Debug\Control.a(RightEyeball.o)
 .debug_aranges
                0x00000430       0xa8 .\CortexM3\ARM_GCC_541\Debug\Control.a(Eyelids.o)
 .debug_aranges
                0x000004d8       0xa8 .\CortexM3\ARM_GCC_541\Debug\Control.a(Neck.o)
 .debug_aranges
                0x00000580       0xa8 .\CortexM3\ARM_GCC_541\Debug\Control.a(Base.o)
 .debug_aranges
                0x00000628      0x2a0 .\CortexM3\ARM_GCC_541\Debug\Control.a(CyLib.o)
 .debug_aranges
                0x000008c8       0x98 .\CortexM3\ARM_GCC_541\Debug\Control.a(cyPm.o)
 .debug_aranges
                0x00000960       0xa8 .\CortexM3\ARM_GCC_541\Debug\Control.a(Lips.o)
 .debug_aranges
                0x00000a08       0x80 .\CortexM3\ARM_GCC_541\Debug\Control.a(timer_isr.o)
 .debug_aranges
                0x00000a88       0x88 .\CortexM3\ARM_GCC_541\Debug\Control.a(Timer.o)
 .debug_aranges
                0x00000b10       0x20 .\CortexM3\ARM_GCC_541\Debug\Control.a(CyBootAsmGnu.o)
 .debug_aranges
                0x00000b30       0x88 .\CortexM3\ARM_GCC_541\Debug\Control.a(CyFlash.o)
 .debug_aranges
                0x00000bb8       0x80 .\CortexM3\ARM_GCC_541\Debug\Control.a(CySpc.o)

.debug_pubnames
 *(.debug_pubnames)

.debug_info     0x00000000     0x6645
 *(.debug_info .gnu.linkonce.wi.*)
 .debug_info    0x00000000      0x3c8 .\CortexM3\ARM_GCC_541\Debug\main.o
 .debug_info    0x000003c8      0x264 .\CortexM3\ARM_GCC_541\Debug\servocontrol.o
 .debug_info    0x0000062c      0x314 .\CortexM3\ARM_GCC_541\Debug\neckcontrol.o
 .debug_info    0x00000940      0x286 .\CortexM3\ARM_GCC_541\Debug\mouthcontrol.o
 .debug_info    0x00000bc6      0x47e .\CortexM3\ARM_GCC_541\Debug\eyecontrol.o
 .debug_info    0x00001044      0x4c9 .\CortexM3\ARM_GCC_541\Debug\cyfitter_cfg.o
 .debug_info    0x0000150d      0x139 .\CortexM3\ARM_GCC_541\Debug\cymetadata.o
 .debug_info    0x00001646      0x3bb .\CortexM3\ARM_GCC_541\Debug\Cm3Start.o
 .debug_info    0x00001a01      0x3a4 .\CortexM3\ARM_GCC_541\Debug\Control.a(LeftEyebrow.o)
 .debug_info    0x00001da5      0x3a4 .\CortexM3\ARM_GCC_541\Debug\Control.a(RightEyebrow.o)
 .debug_info    0x00002149      0x3a4 .\CortexM3\ARM_GCC_541\Debug\Control.a(LeftEyeball.o)
 .debug_info    0x000024ed      0x3a4 .\CortexM3\ARM_GCC_541\Debug\Control.a(RightEyeball.o)
 .debug_info    0x00002891      0x3a4 .\CortexM3\ARM_GCC_541\Debug\Control.a(Eyelids.o)
 .debug_info    0x00002c35      0x3a4 .\CortexM3\ARM_GCC_541\Debug\Control.a(Neck.o)
 .debug_info    0x00002fd9      0x3a4 .\CortexM3\ARM_GCC_541\Debug\Control.a(Base.o)
 .debug_info    0x0000337d     0x1374 .\CortexM3\ARM_GCC_541\Debug\Control.a(CyLib.o)
 .debug_info    0x000046f1      0xa2a .\CortexM3\ARM_GCC_541\Debug\Control.a(cyPm.o)
 .debug_info    0x0000511b      0x3a4 .\CortexM3\ARM_GCC_541\Debug\Control.a(Lips.o)
 .debug_info    0x000054bf      0x2d2 .\CortexM3\ARM_GCC_541\Debug\Control.a(timer_isr.o)
 .debug_info    0x00005791      0x295 .\CortexM3\ARM_GCC_541\Debug\Control.a(Timer.o)
 .debug_info    0x00005a26       0x82 .\CortexM3\ARM_GCC_541\Debug\Control.a(CyBootAsmGnu.o)
 .debug_info    0x00005aa8      0x64d .\CortexM3\ARM_GCC_541\Debug\Control.a(CyFlash.o)
 .debug_info    0x000060f5      0x550 .\CortexM3\ARM_GCC_541\Debug\Control.a(CySpc.o)

.debug_abbrev   0x00000000     0x1c7e
 *(.debug_abbrev)
 .debug_abbrev  0x00000000       0xe0 .\CortexM3\ARM_GCC_541\Debug\main.o
 .debug_abbrev  0x000000e0      0x164 .\CortexM3\ARM_GCC_541\Debug\servocontrol.o
 .debug_abbrev  0x00000244       0xce .\CortexM3\ARM_GCC_541\Debug\neckcontrol.o
 .debug_abbrev  0x00000312       0xce .\CortexM3\ARM_GCC_541\Debug\mouthcontrol.o
 .debug_abbrev  0x000003e0       0xce .\CortexM3\ARM_GCC_541\Debug\eyecontrol.o
 .debug_abbrev  0x000004ae      0x1fe .\CortexM3\ARM_GCC_541\Debug\cyfitter_cfg.o
 .debug_abbrev  0x000006ac       0x77 .\CortexM3\ARM_GCC_541\Debug\cymetadata.o
 .debug_abbrev  0x00000723      0x1e8 .\CortexM3\ARM_GCC_541\Debug\Cm3Start.o
 .debug_abbrev  0x0000090b      0x133 .\CortexM3\ARM_GCC_541\Debug\Control.a(LeftEyebrow.o)
 .debug_abbrev  0x00000a3e      0x133 .\CortexM3\ARM_GCC_541\Debug\Control.a(RightEyebrow.o)
 .debug_abbrev  0x00000b71      0x133 .\CortexM3\ARM_GCC_541\Debug\Control.a(LeftEyeball.o)
 .debug_abbrev  0x00000ca4      0x133 .\CortexM3\ARM_GCC_541\Debug\Control.a(RightEyeball.o)
 .debug_abbrev  0x00000dd7      0x133 .\CortexM3\ARM_GCC_541\Debug\Control.a(Eyelids.o)
 .debug_abbrev  0x00000f0a      0x133 .\CortexM3\ARM_GCC_541\Debug\Control.a(Neck.o)
 .debug_abbrev  0x0000103d      0x133 .\CortexM3\ARM_GCC_541\Debug\Control.a(Base.o)
 .debug_abbrev  0x00001170      0x254 .\CortexM3\ARM_GCC_541\Debug\Control.a(CyLib.o)
 .debug_abbrev  0x000013c4      0x1ab .\CortexM3\ARM_GCC_541\Debug\Control.a(cyPm.o)
 .debug_abbrev  0x0000156f      0x133 .\CortexM3\ARM_GCC_541\Debug\Control.a(Lips.o)
 .debug_abbrev  0x000016a2      0x173 .\CortexM3\ARM_GCC_541\Debug\Control.a(timer_isr.o)
 .debug_abbrev  0x00001815      0x11a .\CortexM3\ARM_GCC_541\Debug\Control.a(Timer.o)
 .debug_abbrev  0x0000192f       0x14 .\CortexM3\ARM_GCC_541\Debug\Control.a(CyBootAsmGnu.o)
 .debug_abbrev  0x00001943      0x1a7 .\CortexM3\ARM_GCC_541\Debug\Control.a(CyFlash.o)
 .debug_abbrev  0x00001aea      0x194 .\CortexM3\ARM_GCC_541\Debug\Control.a(CySpc.o)

.debug_line     0x00000000     0x2eee
 *(.debug_line)
 .debug_line    0x00000000      0x274 .\CortexM3\ARM_GCC_541\Debug\main.o
 .debug_line    0x00000274      0x1cb .\CortexM3\ARM_GCC_541\Debug\servocontrol.o
 .debug_line    0x0000043f      0x1a6 .\CortexM3\ARM_GCC_541\Debug\neckcontrol.o
 .debug_line    0x000005e5      0x1a0 .\CortexM3\ARM_GCC_541\Debug\mouthcontrol.o
 .debug_line    0x00000785      0x1be .\CortexM3\ARM_GCC_541\Debug\eyecontrol.o
 .debug_line    0x00000943      0x1d7 .\CortexM3\ARM_GCC_541\Debug\cyfitter_cfg.o
 .debug_line    0x00000b1a      0x141 .\CortexM3\ARM_GCC_541\Debug\cymetadata.o
 .debug_line    0x00000c5b      0x234 .\CortexM3\ARM_GCC_541\Debug\Cm3Start.o
 .debug_line    0x00000e8f      0x1b2 .\CortexM3\ARM_GCC_541\Debug\Control.a(LeftEyebrow.o)
 .debug_line    0x00001041      0x1b3 .\CortexM3\ARM_GCC_541\Debug\Control.a(RightEyebrow.o)
 .debug_line    0x000011f4      0x1b2 .\CortexM3\ARM_GCC_541\Debug\Control.a(LeftEyeball.o)
 .debug_line    0x000013a6      0x1b3 .\CortexM3\ARM_GCC_541\Debug\Control.a(RightEyeball.o)
 .debug_line    0x00001559      0x1ae .\CortexM3\ARM_GCC_541\Debug\Control.a(Eyelids.o)
 .debug_line    0x00001707      0x1ab .\CortexM3\ARM_GCC_541\Debug\Control.a(Neck.o)
 .debug_line    0x000018b2      0x1ab .\CortexM3\ARM_GCC_541\Debug\Control.a(Base.o)
 .debug_line    0x00001a5d      0x816 .\CortexM3\ARM_GCC_541\Debug\Control.a(CyLib.o)
 .debug_line    0x00002273      0x367 .\CortexM3\ARM_GCC_541\Debug\Control.a(cyPm.o)
 .debug_line    0x000025da      0x1ab .\CortexM3\ARM_GCC_541\Debug\Control.a(Lips.o)
 .debug_line    0x00002785      0x136 .\CortexM3\ARM_GCC_541\Debug\Control.a(timer_isr.o)
 .debug_line    0x000028bb      0x153 .\CortexM3\ARM_GCC_541\Debug\Control.a(Timer.o)
 .debug_line    0x00002a0e       0x66 .\CortexM3\ARM_GCC_541\Debug\Control.a(CyBootAsmGnu.o)
 .debug_line    0x00002a74      0x21a .\CortexM3\ARM_GCC_541\Debug\Control.a(CyFlash.o)
 .debug_line    0x00002c8e      0x260 .\CortexM3\ARM_GCC_541\Debug\Control.a(CySpc.o)

.debug_frame    0x00000000     0x1ce4
 *(.debug_frame)
 .debug_frame   0x00000000       0x48 .\CortexM3\ARM_GCC_541\Debug\main.o
 .debug_frame   0x00000048       0x5c .\CortexM3\ARM_GCC_541\Debug\servocontrol.o
 .debug_frame   0x000000a4       0x48 .\CortexM3\ARM_GCC_541\Debug\neckcontrol.o
 .debug_frame   0x000000ec       0x48 .\CortexM3\ARM_GCC_541\Debug\mouthcontrol.o
 .debug_frame   0x00000134       0x68 .\CortexM3\ARM_GCC_541\Debug\eyecontrol.o
 .debug_frame   0x0000019c       0xe4 .\CortexM3\ARM_GCC_541\Debug\cyfitter_cfg.o
 .debug_frame   0x00000280       0xb8 .\CortexM3\ARM_GCC_541\Debug\Cm3Start.o
 .debug_frame   0x00000338      0x154 .\CortexM3\ARM_GCC_541\Debug\Control.a(LeftEyebrow.o)
 .debug_frame   0x0000048c      0x154 .\CortexM3\ARM_GCC_541\Debug\Control.a(RightEyebrow.o)
 .debug_frame   0x000005e0      0x154 .\CortexM3\ARM_GCC_541\Debug\Control.a(LeftEyeball.o)
 .debug_frame   0x00000734      0x154 .\CortexM3\ARM_GCC_541\Debug\Control.a(RightEyeball.o)
 .debug_frame   0x00000888      0x154 .\CortexM3\ARM_GCC_541\Debug\Control.a(Eyelids.o)
 .debug_frame   0x000009dc      0x154 .\CortexM3\ARM_GCC_541\Debug\Control.a(Neck.o)
 .debug_frame   0x00000b30      0x154 .\CortexM3\ARM_GCC_541\Debug\Control.a(Base.o)
 .debug_frame   0x00000c84      0x738 .\CortexM3\ARM_GCC_541\Debug\Control.a(CyLib.o)
 .debug_frame   0x000013bc      0x1f8 .\CortexM3\ARM_GCC_541\Debug\Control.a(cyPm.o)
 .debug_frame   0x000015b4      0x154 .\CortexM3\ARM_GCC_541\Debug\Control.a(Lips.o)
 .debug_frame   0x00001708      0x104 .\CortexM3\ARM_GCC_541\Debug\Control.a(timer_isr.o)
 .debug_frame   0x0000180c      0x108 .\CortexM3\ARM_GCC_541\Debug\Control.a(Timer.o)
 .debug_frame   0x00001914      0x194 .\CortexM3\ARM_GCC_541\Debug\Control.a(CyFlash.o)
 .debug_frame   0x00001aa8      0x180 .\CortexM3\ARM_GCC_541\Debug\Control.a(CySpc.o)
 .debug_frame   0x00001c28       0x20 c:/program files (x86)/cypress/psoc creator/4.2/psoc creator/import/gnu/arm/5.4.1/bin/../lib/gcc/arm-none-eabi/5.4.1/../../../../arm-none-eabi/lib/armv7-m\libg_nano.a(lib_a-errno.o)
 .debug_frame   0x00001c48       0x28 c:/program files (x86)/cypress/psoc creator/4.2/psoc creator/import/gnu/arm/5.4.1/bin/../lib/gcc/arm-none-eabi/5.4.1/../../../../arm-none-eabi/lib/armv7-m\libg_nano.a(lib_a-exit.o)
 .debug_frame   0x00001c70       0x2c c:/program files (x86)/cypress/psoc creator/4.2/psoc creator/import/gnu/arm/5.4.1/bin/../lib/gcc/arm-none-eabi/5.4.1/../../../../arm-none-eabi/lib/armv7-m\libg_nano.a(lib_a-init.o)
 .debug_frame   0x00001c9c       0x28 c:/program files (x86)/cypress/psoc creator/4.2/psoc creator/import/gnu/arm/5.4.1/bin/../lib/gcc/arm-none-eabi/5.4.1/../../../../arm-none-eabi/lib/armv7-m\libg_nano.a(lib_a-memcpy-stub.o)
 .debug_frame   0x00001cc4       0x20 c:/program files (x86)/cypress/psoc creator/4.2/psoc creator/import/gnu/arm/5.4.1/bin/../lib/gcc/arm-none-eabi/5.4.1/../../../../arm-none-eabi/lib/armv7-m\libg_nano.a(lib_a-memset.o)

.debug_str      0x00000000     0x2792
 *(.debug_str)
 .debug_str     0x00000000      0x36a .\CortexM3\ARM_GCC_541\Debug\main.o
                                0x3b2 (size before relaxing)
 .debug_str     0x0000036a      0x181 .\CortexM3\ARM_GCC_541\Debug\servocontrol.o
                                0x321 (size before relaxing)
 .debug_str     0x000004eb       0x6e .\CortexM3\ARM_GCC_541\Debug\neckcontrol.o
                                0x350 (size before relaxing)
 .debug_str     0x00000559       0x5d .\CortexM3\ARM_GCC_541\Debug\mouthcontrol.o
                                0x30d (size before relaxing)
 .debug_str     0x000005b6       0x3f .\CortexM3\ARM_GCC_541\Debug\eyecontrol.o
                                0x3ab (size before relaxing)
 .debug_str     0x000005f5      0x174 .\CortexM3\ARM_GCC_541\Debug\cyfitter_cfg.o
                                0x301 (size before relaxing)
 .debug_str     0x00000769       0x7f .\CortexM3\ARM_GCC_541\Debug\cymetadata.o
                                0x1d6 (size before relaxing)
 .debug_str     0x000007e8      0x144 .\CortexM3\ARM_GCC_541\Debug\Cm3Start.o
                                0x2fc (size before relaxing)
 .debug_str     0x0000092c      0x258 .\CortexM3\ARM_GCC_541\Debug\Control.a(LeftEyebrow.o)
                                0x3f7 (size before relaxing)
 .debug_str     0x00000b84      0x20e .\CortexM3\ARM_GCC_541\Debug\Control.a(RightEyebrow.o)
                                0x40c (size before relaxing)
 .debug_str     0x00000d92      0x20c .\CortexM3\ARM_GCC_541\Debug\Control.a(LeftEyeball.o)
                                0x3f7 (size before relaxing)
 .debug_str     0x00000f9e      0x20e .\CortexM3\ARM_GCC_541\Debug\Control.a(RightEyeball.o)
                                0x40c (size before relaxing)
 .debug_str     0x000011ac      0x1aa .\CortexM3\ARM_GCC_541\Debug\Control.a(Eyelids.o)
                                0x3a3 (size before relaxing)
 .debug_str     0x00001356      0x16e .\CortexM3\ARM_GCC_541\Debug\Control.a(Neck.o)
                                0x364 (size before relaxing)
 .debug_str     0x000014c4      0x16e .\CortexM3\ARM_GCC_541\Debug\Control.a(Base.o)
                                0x364 (size before relaxing)
 .debug_str     0x00001632      0x802 .\CortexM3\ARM_GCC_541\Debug\Control.a(CyLib.o)
                                0xa39 (size before relaxing)
 .debug_str     0x00001e34      0x365 .\CortexM3\ARM_GCC_541\Debug\Control.a(cyPm.o)
                                0x725 (size before relaxing)
 .debug_str     0x00002199      0x16e .\CortexM3\ARM_GCC_541\Debug\Control.a(Lips.o)
                                0x364 (size before relaxing)
 .debug_str     0x00002307      0x10c .\CortexM3\ARM_GCC_541\Debug\Control.a(timer_isr.o)
                                0x2d0 (size before relaxing)
 .debug_str     0x00002413      0x118 .\CortexM3\ARM_GCC_541\Debug\Control.a(Timer.o)
                                0x2e7 (size before relaxing)
 .debug_str     0x0000252b      0x1bb .\CortexM3\ARM_GCC_541\Debug\Control.a(CyFlash.o)
                                0x3b2 (size before relaxing)
 .debug_str     0x000026e6       0xac .\CortexM3\ARM_GCC_541\Debug\Control.a(CySpc.o)
                                0x32a (size before relaxing)

.debug_loc      0x00000000     0x1e58
 *(.debug_loc)
 .debug_loc     0x00000000       0xd4 .\CortexM3\ARM_GCC_541\Debug\servocontrol.o
 .debug_loc     0x000000d4       0xd8 .\CortexM3\ARM_GCC_541\Debug\neckcontrol.o
 .debug_loc     0x000001ac       0x8d .\CortexM3\ARM_GCC_541\Debug\mouthcontrol.o
 .debug_loc     0x00000239       0xd2 .\CortexM3\ARM_GCC_541\Debug\eyecontrol.o
 .debug_loc     0x0000030b      0x1d7 .\CortexM3\ARM_GCC_541\Debug\cyfitter_cfg.o
 .debug_loc     0x000004e2      0x144 .\CortexM3\ARM_GCC_541\Debug\Cm3Start.o
 .debug_loc     0x00000626       0x26 .\CortexM3\ARM_GCC_541\Debug\Control.a(LeftEyebrow.o)
 .debug_loc     0x0000064c       0x26 .\CortexM3\ARM_GCC_541\Debug\Control.a(RightEyebrow.o)
 .debug_loc     0x00000672       0x26 .\CortexM3\ARM_GCC_541\Debug\Control.a(LeftEyeball.o)
 .debug_loc     0x00000698       0x26 .\CortexM3\ARM_GCC_541\Debug\Control.a(RightEyeball.o)
 .debug_loc     0x000006be       0x26 .\CortexM3\ARM_GCC_541\Debug\Control.a(Eyelids.o)
 .debug_loc     0x000006e4       0x26 .\CortexM3\ARM_GCC_541\Debug\Control.a(Neck.o)
 .debug_loc     0x0000070a       0x26 .\CortexM3\ARM_GCC_541\Debug\Control.a(Base.o)
 .debug_loc     0x00000730      0xa11 .\CortexM3\ARM_GCC_541\Debug\Control.a(CyLib.o)
 .debug_loc     0x00001141      0x1e4 .\CortexM3\ARM_GCC_541\Debug\Control.a(cyPm.o)
 .debug_loc     0x00001325       0x26 .\CortexM3\ARM_GCC_541\Debug\Control.a(Lips.o)
 .debug_loc     0x0000134b       0x56 .\CortexM3\ARM_GCC_541\Debug\Control.a(timer_isr.o)
 .debug_loc     0x000013a1      0x3b2 .\CortexM3\ARM_GCC_541\Debug\Control.a(CyFlash.o)
 .debug_loc     0x00001753      0x705 .\CortexM3\ARM_GCC_541\Debug\Control.a(CySpc.o)

.debug_macinfo
 *(.debug_macinfo)

.debug_ranges   0x00000000      0xab0
 *(.debug_ranges)
 .debug_ranges  0x00000000       0x18 .\CortexM3\ARM_GCC_541\Debug\main.o
 .debug_ranges  0x00000018       0x20 .\CortexM3\ARM_GCC_541\Debug\servocontrol.o
 .debug_ranges  0x00000038       0x18 .\CortexM3\ARM_GCC_541\Debug\neckcontrol.o
 .debug_ranges  0x00000050       0x18 .\CortexM3\ARM_GCC_541\Debug\mouthcontrol.o
 .debug_ranges  0x00000068       0x20 .\CortexM3\ARM_GCC_541\Debug\eyecontrol.o
 .debug_ranges  0x00000088       0x48 .\CortexM3\ARM_GCC_541\Debug\cyfitter_cfg.o
 .debug_ranges  0x000000d0       0x38 .\CortexM3\ARM_GCC_541\Debug\Cm3Start.o
 .debug_ranges  0x00000108       0x98 .\CortexM3\ARM_GCC_541\Debug\Control.a(LeftEyebrow.o)
 .debug_ranges  0x000001a0       0x98 .\CortexM3\ARM_GCC_541\Debug\Control.a(RightEyebrow.o)
 .debug_ranges  0x00000238       0x98 .\CortexM3\ARM_GCC_541\Debug\Control.a(LeftEyeball.o)
 .debug_ranges  0x000002d0       0x98 .\CortexM3\ARM_GCC_541\Debug\Control.a(RightEyeball.o)
 .debug_ranges  0x00000368       0x98 .\CortexM3\ARM_GCC_541\Debug\Control.a(Eyelids.o)
 .debug_ranges  0x00000400       0x98 .\CortexM3\ARM_GCC_541\Debug\Control.a(Neck.o)
 .debug_ranges  0x00000498       0x98 .\CortexM3\ARM_GCC_541\Debug\Control.a(Base.o)
 .debug_ranges  0x00000530      0x290 .\CortexM3\ARM_GCC_541\Debug\Control.a(CyLib.o)
 .debug_ranges  0x000007c0       0x88 .\CortexM3\ARM_GCC_541\Debug\Control.a(cyPm.o)
 .debug_ranges  0x00000848       0x98 .\CortexM3\ARM_GCC_541\Debug\Control.a(Lips.o)
 .debug_ranges  0x000008e0       0x70 .\CortexM3\ARM_GCC_541\Debug\Control.a(timer_isr.o)
 .debug_ranges  0x00000950       0x78 .\CortexM3\ARM_GCC_541\Debug\Control.a(Timer.o)
 .debug_ranges  0x000009c8       0x78 .\CortexM3\ARM_GCC_541\Debug\Control.a(CyFlash.o)
 .debug_ranges  0x00000a40       0x70 .\CortexM3\ARM_GCC_541\Debug\Control.a(CySpc.o)

.comment        0x00000000       0x6e
 .comment       0x00000000       0x6e .\CortexM3\ARM_GCC_541\Debug\main.o
                                 0x6f (size before relaxing)
 .comment       0x0000006e       0x6f .\CortexM3\ARM_GCC_541\Debug\servocontrol.o
 .comment       0x0000006e       0x6f .\CortexM3\ARM_GCC_541\Debug\neckcontrol.o
 .comment       0x0000006e       0x6f .\CortexM3\ARM_GCC_541\Debug\mouthcontrol.o
 .comment       0x0000006e       0x6f .\CortexM3\ARM_GCC_541\Debug\eyecontrol.o
 .comment       0x0000006e       0x6f .\CortexM3\ARM_GCC_541\Debug\cyfitter_cfg.o
 .comment       0x0000006e       0x6f .\CortexM3\ARM_GCC_541\Debug\cymetadata.o
 .comment       0x0000006e       0x6f .\CortexM3\ARM_GCC_541\Debug\Cm3Start.o
 .comment       0x0000006e       0x6f .\CortexM3\ARM_GCC_541\Debug\Control.a(LeftEyebrow.o)
 .comment       0x0000006e       0x6f .\CortexM3\ARM_GCC_541\Debug\Control.a(RightEyebrow.o)
 .comment       0x0000006e       0x6f .\CortexM3\ARM_GCC_541\Debug\Control.a(LeftEyeball.o)
 .comment       0x0000006e       0x6f .\CortexM3\ARM_GCC_541\Debug\Control.a(RightEyeball.o)
 .comment       0x0000006e       0x6f .\CortexM3\ARM_GCC_541\Debug\Control.a(Eyelids.o)
 .comment       0x0000006e       0x6f .\CortexM3\ARM_GCC_541\Debug\Control.a(Neck.o)
 .comment       0x0000006e       0x6f .\CortexM3\ARM_GCC_541\Debug\Control.a(Base.o)
 .comment       0x0000006e       0x6f .\CortexM3\ARM_GCC_541\Debug\Control.a(CyLib.o)
 .comment       0x0000006e       0x6f .\CortexM3\ARM_GCC_541\Debug\Control.a(cyPm.o)
 .comment       0x0000006e       0x6f .\CortexM3\ARM_GCC_541\Debug\Control.a(Lips.o)
 .comment       0x0000006e       0x6f .\CortexM3\ARM_GCC_541\Debug\Control.a(timer_isr.o)
 .comment       0x0000006e       0x6f .\CortexM3\ARM_GCC_541\Debug\Control.a(Timer.o)
 .comment       0x0000006e       0x6f .\CortexM3\ARM_GCC_541\Debug\Control.a(CyFlash.o)
 .comment       0x0000006e       0x6f .\CortexM3\ARM_GCC_541\Debug\Control.a(CySpc.o)

.debug_weaknames
 *(.debug_weaknames)

.debug_funcnames
 *(.debug_funcnames)

.debug_typenames
 *(.debug_typenames)

.debug_varnames
 *(.debug_varnames)

.note.gnu.arm.ident
 *(.note.gnu.arm.ident)

.ARM.attributes
                0x00000000       0x29
 *(.ARM.attributes)
 .ARM.attributes
                0x00000000       0x1d c:/program files (x86)/cypress/psoc creator/4.2/psoc creator/import/gnu/arm/5.4.1/bin/../lib/gcc/arm-none-eabi/5.4.1/armv7-m/crti.o
 .ARM.attributes
                0x0000001d       0x2d c:/program files (x86)/cypress/psoc creator/4.2/psoc creator/import/gnu/arm/5.4.1/bin/../lib/gcc/arm-none-eabi/5.4.1/armv7-m/crtbegin.o
 .ARM.attributes
                0x0000004a       0x1b c:/program files (x86)/cypress/psoc creator/4.2/psoc creator/import/gnu/arm/5.4.1/bin/../lib/gcc/arm-none-eabi/5.4.1/../../../../arm-none-eabi/lib/armv7-m/crt0.o
 .ARM.attributes
                0x00000065       0x33 .\CortexM3\ARM_GCC_541\Debug\main.o
 .ARM.attributes
                0x00000098       0x33 .\CortexM3\ARM_GCC_541\Debug\servocontrol.o
 .ARM.attributes
                0x000000cb       0x33 .\CortexM3\ARM_GCC_541\Debug\neckcontrol.o
 .ARM.attributes
                0x000000fe       0x33 .\CortexM3\ARM_GCC_541\Debug\mouthcontrol.o
 .ARM.attributes
                0x00000131       0x33 .\CortexM3\ARM_GCC_541\Debug\eyecontrol.o
 .ARM.attributes
                0x00000164       0x33 .\CortexM3\ARM_GCC_541\Debug\cyfitter_cfg.o
 .ARM.attributes
                0x00000197       0x33 .\CortexM3\ARM_GCC_541\Debug\cymetadata.o
 .ARM.attributes
                0x000001ca       0x33 .\CortexM3\ARM_GCC_541\Debug\Cm3Start.o
 .ARM.attributes
                0x000001fd       0x33 .\CortexM3\ARM_GCC_541\Debug\Control.a(LeftEyebrow.o)
 .ARM.attributes
                0x00000230       0x33 .\CortexM3\ARM_GCC_541\Debug\Control.a(RightEyebrow.o)
 .ARM.attributes
                0x00000263       0x33 .\CortexM3\ARM_GCC_541\Debug\Control.a(LeftEyeball.o)
 .ARM.attributes
                0x00000296       0x33 .\CortexM3\ARM_GCC_541\Debug\Control.a(RightEyeball.o)
 .ARM.attributes
                0x000002c9       0x33 .\CortexM3\ARM_GCC_541\Debug\Control.a(Eyelids.o)
 .ARM.attributes
                0x000002fc       0x33 .\CortexM3\ARM_GCC_541\Debug\Control.a(Neck.o)
 .ARM.attributes
                0x0000032f       0x33 .\CortexM3\ARM_GCC_541\Debug\Control.a(Base.o)
 .ARM.attributes
                0x00000362       0x33 .\CortexM3\ARM_GCC_541\Debug\Control.a(CyLib.o)
 .ARM.attributes
                0x00000395       0x33 .\CortexM3\ARM_GCC_541\Debug\Control.a(cyPm.o)
 .ARM.attributes
                0x000003c8       0x33 .\CortexM3\ARM_GCC_541\Debug\Control.a(Lips.o)
 .ARM.attributes
                0x000003fb       0x33 .\CortexM3\ARM_GCC_541\Debug\Control.a(timer_isr.o)
 .ARM.attributes
                0x0000042e       0x33 .\CortexM3\ARM_GCC_541\Debug\Control.a(Timer.o)
 .ARM.attributes
                0x00000461       0x21 .\CortexM3\ARM_GCC_541\Debug\Control.a(CyBootAsmGnu.o)
 .ARM.attributes
                0x00000482       0x33 .\CortexM3\ARM_GCC_541\Debug\Control.a(CyFlash.o)
 .ARM.attributes
                0x000004b5       0x33 .\CortexM3\ARM_GCC_541\Debug\Control.a(CySpc.o)
 .ARM.attributes
                0x000004e8       0x2d c:/program files (x86)/cypress/psoc creator/4.2/psoc creator/import/gnu/arm/5.4.1/bin/../lib/gcc/arm-none-eabi/5.4.1/../../../../arm-none-eabi/lib/armv7-m\libg_nano.a(lib_a-errno.o)
 .ARM.attributes
                0x00000515       0x2d c:/program files (x86)/cypress/psoc creator/4.2/psoc creator/import/gnu/arm/5.4.1/bin/../lib/gcc/arm-none-eabi/5.4.1/../../../../arm-none-eabi/lib/armv7-m\libg_nano.a(lib_a-exit.o)
 .ARM.attributes
                0x00000542       0x2d c:/program files (x86)/cypress/psoc creator/4.2/psoc creator/import/gnu/arm/5.4.1/bin/../lib/gcc/arm-none-eabi/5.4.1/../../../../arm-none-eabi/lib/armv7-m\libg_nano.a(lib_a-impure.o)
 .ARM.attributes
                0x0000056f       0x2d c:/program files (x86)/cypress/psoc creator/4.2/psoc creator/import/gnu/arm/5.4.1/bin/../lib/gcc/arm-none-eabi/5.4.1/../../../../arm-none-eabi/lib/armv7-m\libg_nano.a(lib_a-init.o)
 .ARM.attributes
                0x0000059c       0x2d c:/program files (x86)/cypress/psoc creator/4.2/psoc creator/import/gnu/arm/5.4.1/bin/../lib/gcc/arm-none-eabi/5.4.1/../../../../arm-none-eabi/lib/armv7-m\libg_nano.a(lib_a-memcpy-stub.o)
 .ARM.attributes
                0x000005c9       0x2d c:/program files (x86)/cypress/psoc creator/4.2/psoc creator/import/gnu/arm/5.4.1/bin/../lib/gcc/arm-none-eabi/5.4.1/../../../../arm-none-eabi/lib/armv7-m\libg_nano.a(lib_a-memset.o)
 .ARM.attributes
                0x000005f6       0x2d c:/program files (x86)/cypress/psoc creator/4.2/psoc creator/import/gnu/arm/5.4.1/bin/../lib/gcc/arm-none-eabi/5.4.1/armv7-m/crtend.o
 .ARM.attributes
                0x00000623       0x1d c:/program files (x86)/cypress/psoc creator/4.2/psoc creator/import/gnu/arm/5.4.1/bin/../lib/gcc/arm-none-eabi/5.4.1/armv7-m/crtn.o

/DISCARD/
 *(.note.GNU-stack)
OUTPUT(C:\Users\jon\Desktop\CSE564-PSoC\Face\Control.cydsn\CortexM3\ARM_GCC_541\Debug\Control.elf elf32-littlearm)
